<html>
<body>
<pre>
<h1>礦ision Build Log</h1>
<h2>Project:</h2>
E:\飞思卡尔等\code\2016-3-29\MDK\templete.uvprojx
Project File Date:  03/30/2016

<h2>Output:</h2>
Build target 'mk60d10'
compiling Ctrl.c...
linking...
Program Size: Code=45096 RO-data=4836 RW-data=392 ZI-data=31056  
FromELF: creating hex file...
".\mk60d10\flash\templete.axf" - 0 Error(s), 0 Warning(s).
Load "E:\\飞思卡尔等\\code\\2016-3-29\\MDK\\mk60d10\\flash\\templete.axf" 
Set JLink Project File to "E:\飞思卡尔等\code\2016-3-29\MDK\JLinkSettings.ini"
* JLink Info: Device "MK60DN512XXX10" selected.
 
JLink info:
------------
DLL: V5.02f, compiled Oct  2 2015 20:51:34
Firmware: J-Link ARM V8 compiled Nov 28 2014 13:44:46
Hardware: V8.00
S/N : 286370559 
Feature(s) : RDI,FlashDL,FlashBP,JFlash 
 
* JLink Info: Found SWD-DP with ID 0x2BA01477
* JLink Info: Found SWD-DP with ID 0x2BA01477
* JLink Info: Found Cortex-M4 r0p0, Little endian.
* JLink Info: FPUnit: 6 code (BP) slots and 2 literal slots
* JLink Info: CoreSight components:
* JLink Info: ROMTbl 0 @ E00FF000
* JLink Info: ROMTbl 0 [0]: FFF0F000, CID: B105E00D, PID: 000BB000 SCS
* JLink Info: ROMTbl 0 [1]: FFF02000, CID: B105E00D, PID: 003BB002 DWT
* JLink Info: ROMTbl 0 [2]: FFF03000, CID: B105E00D, PID: 002BB003 FPB
* JLink Info: ROMTbl 0 [3]: FFF01000, CID: B105E00D, PID: 003BB001 ITM
* JLink Info: ROMTbl 0 [4]: FFF41000, CID: B105900D, PID: 000BB9A1 TPIU
* JLink Info: ROMTbl 0 [5]: FFF42000, CID: B105900D, PID: 000BB925 ETM
* JLink Info: ROMTbl 0 [6]: FFF43000, CID: B105900D, PID: 003BB907 ETB
* JLink Info: ROMTbl 0 [7]: FFF44000, CID: B105900D, PID: 001BB908 CSTF
ROMTableAddr = 0xE00FF003
 
Target info:
------------
Device: MK60DN512xxx10
VTarget = 3.293V
State of Pins: 
TCK: 0, TDI: 1, TDO: 0, TMS: 1, TRES: 1, TRST: 1
Hardware-Breakpoints: 6
Software-Breakpoints: 8192
Watchpoints:          4
JTAG speed: 2000 kHz
 
Erase Done.
Programming Done.
Verify OK.
Application running ...
</pre>
</body>
</html>
ith ID 0x2BA01477
* JLink Info: Found SWD-DP with ID 0x2BA01477
* JLink Info: Found Cortex-M4 r0p0, Little endian.
* JLink Info: FPUnit: 6 code (BP) slots and 2 literal slots
* JLink Info: CoreSight components:
* JLink Info: ROMTbl 0 @ E00FF000
* JLink Info: ROMTbl 0 [0]: FFF0F000, CID: B105E00D, PID: 000BB000 SCS
* JLink Info: ROMTbl 0 [1]: FFF02000, CID: B105E00D, PID: 003BB002 DWT
* JLink Info: ROMTbl 0 [2]: FFF03000, CID: B105E00D, PID: 002BB003 FPB
* JLink Info: ROMTbl 0 [3]: FFF01000, CID: B105E00D, PID: 003BB001 ITM
* JLink Info: ROMTbl 0 [4]: FFF41000, CID: B105900D, PID: 000BB9A1 TPIU
* JLink Info: ROMTbl 0 [5]: FFF42000, CID: B105900D, PID: 000BB925 ETM
* JLink Info: ROMTbl 0 [6]: FFF43000, CID: B105900D, PID: 003BB907 ETB
* JLink Info: ROMTbl 0 [7]: FFF44000, CID: B105900D, PID: 001BB908 CSTF
ROMTableAddr = 0xE00FF003
 
Target info:
------------
Device: MK60DN512xxx10
VTarget = 3.300V
State of Pins: 
TCK: 0, TDI: 1, TDO: 0, TMS: 1, TRES: 1, TRST: 1
Hardware-Breakpoints: 6
Software-Breakpoints: 8192
Watchpoints:          4
JTAG speed: 2000 kHz
 
Erase Done.
Programming Done.
Verify OK.
Application running ...
B
* JLink Info: ROMTbl 0 [7]: FFF44000, CID: B105900D, PID: 001BB908 CSTF
ROMTableAddr = 0xE00FF003
 
Target info:
------------
Device: MK60DN512xxx10
VTarget = 3.300V
State of Pins: 
TCK: 0, TDI: 1, TDO: 0, TMS: 1, TRES: 1, TRST: 1
Hardware-Breakpoints: 6
Software-Breakpoints: 8192
Watchpoints:          4
JTAG speed: 2000 kHz
 
Erase Done.
Programming Done.
Verify OK.
Application running ...
);
..\inc\OLED.h(42): error:  #20: identifier "u8" is undefined
   void OLED_P6x8Str(u8 x,u8 y,u8 ch[]);
..\inc\OLED.h(42): error:  #20: identifier "u8" is undefined
   void OLED_P6x8Str(u8 x,u8 y,u8 ch[]);
..\inc\OLED.h(43): error:  #20: identifier "u8" is undefined
   void OLED_P8x16Str(u8 x,u8 y,u8 ch[]);
..\inc\OLED.h(43): error:  #20: identifier "u8" is undefined
   void OLED_P8x16Str(u8 x,u8 y,u8 ch[]);
..\inc\OLED.h(43): error:  #20: identifier "u8" is undefined
   void OLED_P8x16Str(u8 x,u8 y,u8 ch[]);
..\inc\OLED.h(44): error:  #20: identifier "u8" is undefined
   void OLED_P14x16Str(u8 x,u8 y,u8 ch[]);
..\inc\OLED.h(44): error:  #20: identifier "u8" is undefined
   void OLED_P14x16Str(u8 x,u8 y,u8 ch[]);
..\inc\OLED.h(44): error:  #20: identifier "u8" is undefined
   void OLED_P14x16Str(u8 x,u8 y,u8 ch[]);
..\inc\OLED.h(45): error:  #20: identifier "u8" is undefined
   void OLED_Print(u8 x, u8 y, u8 ch[]);
..\inc\OLED.h(45): error:  #20: identifier "u8" is undefined
   void OLED_Print(u8 x, u8 y, u8 ch[]);
..\inc\OLED.h(45): error:  #20: identifier "u8" is undefined
   void OLED_Print(u8 x, u8 y, u8 ch[]);
..\inc\OLED.h(46): error:  #20: identifier "u8" is undefined
   void OLED_PutPixel(u8 x,u8 y);
..\inc\OLED.h(46): error:  #20: identifier "u8" is undefined
   void OLED_PutPixel(u8 x,u8 y);
..\inc\OLED.h(47): error:  #20: identifier "u8" is undefined
   void OLED_Rectangle(u8 x1,u8 y1,u8 x2,u8 y2,u8 gif);
..\inc\OLED.h(47): error:  #20: identifier "u8" is undefined
   void OLED_Rectangle(u8 x1,u8 y1,u8 x2,u8 y2,u8 gif);
..\inc\OLED.h(47): error:  #20: identifier "u8" is undefined
   void OLED_Rectangle(u8 x1,u8 y1,u8 x2,u8 y2,u8 gif);
..\inc\OLED.h(47): error:  #20: identifier "u8" is undefined
   void OLED_Rectangle(u8 x1,u8 y1,u8 x2,u8 y2,u8 gif);
..\inc\OLED.h(47): error:  #20: identifier "u8" is undefined
   void OLED_Rectangle(u8 x1,u8 y1,u8 x2,u8 y2,u8 gif);
..\inc\OLED.h(48): error:  #20: identifier "u8" is undefined
   void OLED_Set_Pos(u8 x, u8 y);
..\inc\OLED.h(48): error:  #20: identifier "u8" is undefined
   void OLED_Set_Pos(u8 x, u8 y);
..\inc\OLED.h(49): error:  #20: identifier "u8" is undefined
   void OLED_WrDat(u8 data);
..\inc\OLED.h(50): error:  #20: identifier "u8" is undefined
   void Draw_BMP(u8 x0,u8 y0,u8 x1,u8 y1,u8 bmp[]);
..\inc\OLED.h(50): error:  #20: identifier "u8" is undefined
   void Draw_BMP(u8 x0,u8 y0,u8 x1,u8 y1,u8 bmp[]);
..\inc\OLED.h(50): error:  #20: identifier "u8" is undefined
   void Draw_BMP(u8 x0,u8 y0,u8 x1,u8 y1,u8 bmp[]);
..\inc\OLED.h(50): error:  #20: identifier "u8" is undefined
   void Draw_BMP(u8 x0,u8 y0,u8 x1,u8 y1,u8 bmp[]);
..\inc\OLED.h(50): error:  #20: identifier "u8" is undefined
   void Draw_BMP(u8 x0,u8 y0,u8 x1,u8 y1,u8 bmp[]);
..\inc\OLED.h(51): error:  #20: identifier "u8" is undefined
   void OLED_Fill(u8 dat);
..\inc\OLED.h(52): error:  #20: identifier "u16" is undefined
   void Dly_ms(u16 ms);
..\inc\OLED.h(53): error:  #20: identifier "u8" is undefined
   extern void LCD_Write_String(u8 x,u8 y,u8 ch[]);
..\app\app.c: 0 warnings, 30 errors
compiling OLED.c...
..\inc\OLED.h(42): error:  #20: identifier "u8" is undefined
   void OLED_P6x8Str(u8 x,u8 y,u8 ch[]);
..\inc\OLED.h(42): error:  #20: identifier "u8" is undefined
   void OLED_P6x8Str(u8 x,u8 y,u8 ch[]);
..\inc\OLED.h(42): error:  #20: identifier "u8" is undefined
   void OLED_P6x8Str(u8 x,u8 y,u8 ch[]);
..\inc\OLED.h(43): error:  #20: identifier "u8" is undefined
   void OLED_P8x16Str(u8 x,u8 y,u8 ch[]);
..\inc\OLED.h(43): error:  #20: identifier "u8" is undefined
   void OLED_P8x16Str(u8 x,u8 y,u8 ch[]);
..\inc\OLED.h(43): error:  #20: identifier "u8" is undefined
   void OLED_P8x16Str(u8 x,u8 y,u8 ch[]);
..\inc\OLED.h(44): error:  #20: identifier "u8" is undefined
   void OLED_P14x16Str(u8 x,u8 y,u8 ch[]);
..\inc\OLED.h(44): error:  #20: identifier "u8" is undefined
   void OLED_P14x16Str(u8 x,u8 y,u8 ch[]);
..\inc\OLED.h(44): error:  #20: identifier "u8" is undefined
   void OLED_P14x16Str(u8 x,u8 y,u8 ch[]);
..\inc\OLED.h(45): error:  #20: identifier "u8" is undefined
   void OLED_Print(u8 x, u8 y, u8 ch[]);
..\inc\OLED.h(45): error:  #20: identifier "u8" is undefined
   void OLED_Print(u8 x, u8 y, u8 ch[]);
..\inc\OLED.h(45): error:  #20: identifier "u8" is undefined
   void OLED_Print(u8 x, u8 y, u8 ch[]);
..\inc\OLED.h(46): error:  #20: identifier "u8" is undefined
   void OLED_PutPixel(u8 x,u8 y);
..\inc\OLED.h(46): error:  #20: identifier "u8" is undefined
   void OLED_PutPixel(u8 x,u8 y);
..\inc\OLED.h(47): error:  #20: identifier "u8" is undefined
   void OLED_Rectangle(u8 x1,u8 y1,u8 x2,u8 y2,u8 gif);
..\inc\OLED.h(47): error:  #20: identifier "u8" is undefined
   void OLED_Rectangle(u8 x1,u8 y1,u8 x2,u8 y2,u8 gif);
..\inc\OLED.h(47): error:  #20: identifier "u8" is undefined
   void OLED_Rectangle(u8 x1,u8 y1,u8 x2,u8 y2,u8 gif);
..\inc\OLED.h(47): error:  #20: identifier "u8" is undefined
   void OLED_Rectangle(u8 x1,u8 y1,u8 x2,u8 y2,u8 gif);
..\inc\OLED.h(47): error:  #20: identifier "u8" is undefined
   void OLED_Rectangle(u8 x1,u8 y1,u8 x2,u8 y2,u8 gif);
..\inc\OLED.h(48): error:  #20: identifier "u8" is undefined
   void OLED_Set_Pos(u8 x, u8 y);
..\inc\OLED.h(48): error:  #20: identifier "u8" is undefined
   void OLED_Set_Pos(u8 x, u8 y);
..\inc\OLED.h(49): error:  #20: identifier "u8" is undefined
   void OLED_WrDat(u8 data);
..\inc\OLED.h(50): error:  #20: identifier "u8" is undefined
   void Draw_BMP(u8 x0,u8 y0,u8 x1,u8 y1,u8 bmp[]);
..\inc\OLED.h(50): error:  #20: identifier "u8" is undefined
   void Draw_BMP(u8 x0,u8 y0,u8 x1,u8 y1,u8 bmp[]);
..\inc\OLED.h(50): error:  #20: identifier "u8" is undefined
   void Draw_BMP(u8 x0,u8 y0,u8 x1,u8 y1,u8 bmp[]);
..\inc\OLED.h(50): error:  #20: identifier "u8" is undefined
   void Draw_BMP(u8 x0,u8 y0,u8 x1,u8 y1,u8 bmp[]);
..\inc\OLED.h(50): error:  #20: identifier "u8" is undefined
   void Draw_BMP(u8 x0,u8 y0,u8 x1,u8 y1,u8 bmp[]);
..\inc\OLED.h(51): error:  #20: identifier "u8" is undefined
   void OLED_Fill(u8 dat);
..\inc\OLED.h(52): error:  #20: identifier "u16" is undefined
   void Dly_ms(u16 ms);
..\inc\OLED.h(53): error:  #20: identifier "u8" is undefined
   extern void LCD_Write_String(u8 x,u8 y,u8 ch[]);
..\src\OLED.c: 0 warnings, 30 errors
compiling KEY.c...
..\inc\KEY.h(28): error:  #20: identifier "u8" is undefined
  u8 key_check(KEY_e key);  //扫描按键
..\src\KEY.c(18): error:  #20: identifier "u8" is undefined
  u8 key_check(KEY_e key)
..\src\KEY.c: 0 warnings, 2 errors
compiling UI.c...
..\inc\KEY.h(28): error:  #20: identifier "u8" is undefined
  u8 key_check(KEY_e key);  //扫描按键
..\inc\UI.h(7): error:  #79: expected a type specifier
  extern u8 (*FunctionPointer[11])(void);
..\inc\UI.h(7): error:  #90: function returning function is not allowed
  extern u8 (*FunctionPointer[11])(void);
..\inc\UI.h(9): error:  #757: function "u8" is not a type name
  extern u8 FLAG_RUN;
..\inc\UI.h(10): error:  #757: function "u8" is not a type name
  extern u8 Plan_1;
..\inc\UI.h(11): error:  #757: function "u8" is not a type name
  extern u8 Plan_2;
..\inc\UI.h(12): error:  #757: function "u8" is not a type name
  extern u8 Plan_3;
..\inc\UI.h(13): error:  #757: function "u8" is not a type name
  extern u8 Plan_4;
..\inc\UI.h(14): error:  #757: function "u8" is not a type name
  extern u8 Plan_5;
..\inc\UI.h(15): error:  #757: function "u8" is not a type name
  extern u8 Plan_6;
..\inc\UI.h(18): error:  #757: function "u8" is not a type name
  extern u8 FLAG_RUN;
..\inc\UI.h(20): error:  #79: expected a type specifier
  extern u8 (*FunctionPointer[11])(void);
..\inc\UI.h(20): error:  #90: function returning function is not allowed
  extern u8 (*FunctionPointer[11])(void);
..\inc\UI.h(38): error:  #757: function "u8" is not a type name
  u8 UI_Menu(void);      //主界面
..\inc\UI.h(39): error:  #757: function "u8" is not a type name
  u8 UI_Star(void);      //起跑
..\inc\UI.h(40): error:  #757: function "u8" is not a type name
  u8 UI_PID(void);       //显示PID参数界面
..\inc\UI.h(41): error:  #757: function "u8" is not a type name
  u8 UI_State(void);     //显示小车状态界面
..\inc\UI.h(42): error:  #757: function "u8" is not a type name
  u8 UI_Flash(void);  //显示方案A
..\inc\UI.h(43): error:  #757: function "u8" is not a type name
  u8 UI_Scheme_B(void);  //显示方案B
..\inc\UI.h(46): error:  #757: function "u8" is not a type name
  u8 Menu_UI(void); //  主界面 ID为0
..\inc\UI.h(47): error:  #757: function "u8" is not a type name
  u8 Run_UI(void);  //  起跑界面 ID为1
..\inc\UI.h(48): error:  #757: function "u8" is not a type name
  u8 State1_UI(void); //  查看磁头状态界面 ID为2
..\inc\UI.h(49): error:  #757: function "u8" is not a type name
  u8 Set_UI(void);   //  参数设置界面 ID为3
..\inc\UI.h(50): error:  #757: function "u8" is not a type name
  u8 Record_UI(void); // 参数储存界面 ID为4
..\inc\UI.h(51): error:  #757: function "u8" is not a type name
  u8 Read_UI(void); //ID为5
..\inc\UI.h(52): error:  #757: function "u8" is not a type name
  void AddNumString(u8 ss[],u8 n[]);//数字加入显示字符串
..\inc\UI.h(52): error:  #757: function "u8" is not a type name
  void AddNumString(u8 ss[],u8 n[]);//数字加入显示字符串
..\inc\OLED.h(42): error:  #757: function "u8" is not a type name
   void OLED_P6x8Str(u8 x,u8 y,u8 ch[]);
..\inc\OLED.h(42): error:  #757: function "u8" is not a type name
   void OLED_P6x8Str(u8 x,u8 y,u8 ch[]);
..\inc\OLED.h(42): error:  #757: function "u8" is not a type name
   void OLED_P6x8Str(u8 x,u8 y,u8 ch[]);
..\src\UI.c: 0 warnings, 30 errors
compiling FlashUI.c...
..\inc\FlashUI.h(64): error:  #20: identifier "u8" is undefined
  extern u8 flash_write(u16 sector_num,u16 offset,FLASH_WRITE_TYPE data);
..\inc\FlashUI.h(64): error:  #20: identifier "u16" is undefined
  extern u8 flash_write(u16 sector_num,u16 offset,FLASH_WRITE_TYPE data);
..\inc\FlashUI.h(64): error:  #20: identifier "u16" is undefined
  extern u8 flash_write(u16 sector_num,u16 offset,FLASH_WRITE_TYPE data);
..\inc\FlashUI.h(66): error:  #20: identifier "u8" is undefined
  extern u8 flash_erase_sector(u16 sector_num);
..\inc\FlashUI.h(66): error:  #20: identifier "u16" is undefined
  extern u8 flash_erase_sector(u16 sector_num);
..\src\FlashUI.c(5): error:  #20: identifier "u16" is undefined
  extern u16 adc_max[8];
..\src\FlashUI.c(6): error:  #20: identifier "u16" is undefined
  extern u16 adc_min[8];
..\src\FlashUI.c(20): error:  #20: identifier "u32" is undefined
    flash_write(SECTOR_NUM, 0,(u32)(stree_pid.p*10));
..\src\FlashUI.c(25): error:  #18: expected a ")"
    flash_write(SECTOR_NUM, 20,(u32)speedPid.goal);  
..\src\FlashUI.c(38): error:  #20: identifier "u32" is undefined
    stree_pid.p=((float)(flash_read(SECTOR_NUM, 0, u32)))/10;
..\src\FlashUI.c(38): error:  #29: expected an expression
    stree_pid.p=((float)(flash_read(SECTOR_NUM, 0, u32)))/10;
..\src\FlashUI.c(39): error:  #29: expected an expression
    stree_pid.i=((float)(flash_read(SECTOR_NUM, 24, u32)))/10;
..\src\FlashUI.c(40): error:  #29: expected an expression
    stree_pid.d=((float)(flash_read(SECTOR_NUM, 4, u32)))/10;
..\src\FlashUI.c(41): error:  #29: expected an expression
    speedPid.p=((float)(flash_read(SECTOR_NUM, 8, u32)))/10;
..\src\FlashUI.c(42): error:  #29: expected an expression
    speedPid.i=((float)(flash_read(SECTOR_NUM, 12, u32)))/10;
..\src\FlashUI.c(43): error:  #29: expected an expression
    speedPid.d=((float)(flash_read(SECTOR_NUM, 16, u32)))/10;
..\src\FlashUI.c(44): error:  #29: expected an expression
    speedPid.goal=flash_read(SECTOR_NUM, 20, u32);
..\src\FlashUI.c(45): error:  #29: expected an expression
    stree_vim_pid.Kp_1=((float)(flash_read(SECTOR_NUM, 28, u32)))/10;
..\src\FlashUI.c(46): error:  #29: expected an expression
    stree_vim_pid.Kp_2=((float)(flash_read(SECTOR_NUM, 32, u32)))/10;
..\src\FlashUI.c(47): error:  #29: expected an expression
    stree_vim_pid.Kp_3=((float)(flash_read(SECTOR_NUM, 36, u32)))/10;
..\src\FlashUI.c(48): error:  #29: expected an expression
    stree_vim_pid.Kp_4=((float)(flash_read(SECTOR_NUM, 40, u32)))/10;
..\src\FlashUI.c(49): error:  #29: expected an expression
    stree_vim_pid.Kp_5=((float)(flash_read(SECTOR_NUM, 44, u32)))/10;
..\src\FlashUI.c: 0 warnings, 22 errors
compiling Ctrl.c...
..\inc\FlashUI.h(64): error:  #20: identifier "u8" is undefined
  extern u8 flash_write(u16 sector_num,u16 offset,FLASH_WRITE_TYPE data);
..\inc\FlashUI.h(64): error:  #20: identifier "u16" is undefined
  extern u8 flash_write(u16 sector_num,u16 offset,FLASH_WRITE_TYPE data);
..\inc\FlashUI.h(64): error:  #20: identifier "u16" is undefined
  extern u8 flash_write(u16 sector_num,u16 offset,FLASH_WRITE_TYPE data);
..\inc\FlashUI.h(66): error:  #20: identifier "u8" is undefined
  extern u8 flash_erase_sector(u16 sector_num);
..\inc\FlashUI.h(66): error:  #20: identifier "u16" is undefined
  extern u8 flash_erase_sector(u16 sector_num);
..\inc\OLED.h(42): error:  #20: identifier "u8" is undefined
   void OLED_P6x8Str(u8 x,u8 y,u8 ch[]);
..\inc\OLED.h(42): error:  #20: identifier "u8" is undefined
   void OLED_P6x8Str(u8 x,u8 y,u8 ch[]);
..\inc\OLED.h(42): error:  #20: identifier "u8" is undefined
   void OLED_P6x8Str(u8 x,u8 y,u8 ch[]);
..\inc\OLED.h(43): error:  #20: identifier "u8" is undefined
   void OLED_P8x16Str(u8 x,u8 y,u8 ch[]);
..\inc\OLED.h(43): error:  #20: identifier "u8" is undefined
   void OLED_P8x16Str(u8 x,u8 y,u8 ch[]);
..\inc\OLED.h(43): error:  #20: identifier "u8" is undefined
   void OLED_P8x16Str(u8 x,u8 y,u8 ch[]);
..\inc\OLED.h(44): error:  #20: identifier "u8" is undefined
   void OLED_P14x16Str(u8 x,u8 y,u8 ch[]);
..\inc\OLED.h(44): error:  #20: identifier "u8" is undefined
   void OLED_P14x16Str(u8 x,u8 y,u8 ch[]);
..\inc\OLED.h(44): error:  #20: identifier "u8" is undefined
   void OLED_P14x16Str(u8 x,u8 y,u8 ch[]);
..\inc\OLED.h(45): error:  #20: identifier "u8" is undefined
   void OLED_Print(u8 x, u8 y, u8 ch[]);
..\inc\OLED.h(45): error:  #20: identifier "u8" is undefined
   void OLED_Print(u8 x, u8 y, u8 ch[]);
..\inc\OLED.h(45): error:  #20: identifier "u8" is undefined
   void OLED_Print(u8 x, u8 y, u8 ch[]);
..\inc\OLED.h(46): error:  #20: identifier "u8" is undefined
   void OLED_PutPixel(u8 x,u8 y);
..\inc\OLED.h(46): error:  #20: identifier "u8" is undefined
   void OLED_PutPixel(u8 x,u8 y);
..\inc\OLED.h(47): error:  #20: identifier "u8" is undefined
   void OLED_Rectangle(u8 x1,u8 y1,u8 x2,u8 y2,u8 gif);
..\inc\OLED.h(47): error:  #20: identifier "u8" is undefined
   void OLED_Rectangle(u8 x1,u8 y1,u8 x2,u8 y2,u8 gif);
..\inc\OLED.h(47): error:  #20: identifier "u8" is undefined
   void OLED_Rectangle(u8 x1,u8 y1,u8 x2,u8 y2,u8 gif);
..\inc\OLED.h(47): error:  #20: identifier "u8" is undefined
   void OLED_Rectangle(u8 x1,u8 y1,u8 x2,u8 y2,u8 gif);
..\inc\OLED.h(47): error:  #20: identifier "u8" is undefined
   void OLED_Rectangle(u8 x1,u8 y1,u8 x2,u8 y2,u8 gif);
..\inc\OLED.h(48): error:  #20: identifier "u8" is undefined
   void OLED_Set_Pos(u8 x, u8 y);
..\inc\OLED.h(48): error:  #20: identifier "u8" is undefined
   void OLED_Set_Pos(u8 x, u8 y);
..\inc\OLED.h(49): error:  #20: identifier "u8" is undefined
   void OLED_WrDat(u8 data);
..\inc\OLED.h(50): error:  #20: identifier "u8" is undefined
   void Draw_BMP(u8 x0,u8 y0,u8 x1,u8 y1,u8 bmp[]);
..\inc\OLED.h(50): error:  #20: identifier "u8" is undefined
   void Draw_BMP(u8 x0,u8 y0,u8 x1,u8 y1,u8 bmp[]);
..\inc\OLED.h(50): error:  #20: identifier "u8" is undefined
   void Draw_BMP(u8 x0,u8 y0,u8 x1,u8 y1,u8 bmp[]);
..\src\Ctrl.c: 0 warnings, 30 errors
compiling gpio.c...
compiling uart.c...
compiling wdog.c...
compiling pit.c...
compiling cpuidy.c...
compiling adc.c...
compiling ftm.c...
compiling i2c.c...
compiling spi.c...
compiling lptmr.c...
compiling dma.c...
compiling flexbus.c...
compiling systick.c...
compiling rtc.c...
compiling enet.c...
compiling tsi.c...
compiling common.c...
compiling sd.c...
compiling flash.c...
..\inc\FlashUI.h(64): error:  #20: identifier "u8" is undefined
  extern u8 flash_write(u16 sector_num,u16 offset,FLASH_WRITE_TYPE data);
..\inc\FlashUI.h(64): error:  #20: identifier "u16" is undefined
  extern u8 flash_write(u16 sector_num,u16 offset,FLASH_WRITE_TYPE data);
..\inc\FlashUI.h(64): error:  #20: identifier "u16" is undefined
  extern u8 flash_write(u16 sector_num,u16 offset,FLASH_WRITE_TYPE data);
..\inc\FlashUI.h(66): error:  #20: identifier "u8" is undefined
  extern u8 flash_erase_sector(u16 sector_num);
..\inc\FlashUI.h(66): error:  #20: identifier "u16" is undefined
  extern u8 flash_erase_sector(u16 sector_num);
..\Libraries\drivers\K\src\flash.c(221): error:  #20: identifier "u8" is undefined
  static inline u8 flash_cmd(){
..\Libraries\drivers\K\src\flash.c(278): error:  #20: identifier "u8" is undefined
  u8 flash_erase_sector(u16 sector_num)
..\Libraries\drivers\K\src\flash.c(278): error:  #20: identifier "u16" is undefined
  u8 flash_erase_sector(u16 sector_num)
..\Libraries\drivers\K\src\flash.c(285): error:  #20: identifier "u32" is undefined
        u32 addr = sector_num * FLASH_SECTOR_SIZE;
..\Libraries\drivers\K\src\flash.c(315): error:  #20: identifier "u8" is undefined
  u8 flash_write(u16 sector_num,u16 offset,FLASH_WRITE_TYPE data)
..\Libraries\drivers\K\src\flash.c(315): error:  #20: identifier "u16" is undefined
  u8 flash_write(u16 sector_num,u16 offset,FLASH_WRITE_TYPE data)
..\Libraries\drivers\K\src\flash.c(315): error:  #20: identifier "u16" is undefined
  u8 flash_write(u16 sector_num,u16 offset,FLASH_WRITE_TYPE data)
..\Libraries\drivers\K\src\flash.c(318): error:  #20: identifier "u16" is undefined
        u16 ret;
..\Libraries\drivers\K\src\flash.c(319): error:  #20: identifier "u32" is undefined
        u32 addr = sector_num * FLASH_SECTOR_SIZE + offset;
..\Libraries\drivers\K\src\flash.c(320): error:  #20: identifier "u32" is undefined
        u32 tmpdata;
..\Libraries\drivers\K\src\flash.c(336): error:  #20: identifier "u32" is undefined
        tmpdata = (u32)data;
..\Libraries\drivers\K\src\flash.c(336): error:  #65: expected a ";"
        tmpdata = (u32)data;
..\Libraries\drivers\K\src\flash.c: 0 warnings, 17 errors
".\mk60d10\flash\templete.axf" - 191 Error(s), 0 Warning(s).
Target not created
