Product: MDK-ARM Professional 5.10
Component: ARM Compiler 5.04 update 1 (build 49)
Tool: armlink [5040049]

==============================================================================

Section Cross References

    system_mk60d10.o(.text) refers to system_mk60d10.o(.data) for SystemCoreClock
    startup_mk60d10.o(STACK) refers (Special) to heapauxi.o(.text) for __use_two_region_memory
    startup_mk60d10.o(HEAP) refers (Special) to heapauxi.o(.text) for __use_two_region_memory
    startup_mk60d10.o(RESET) refers (Special) to heapauxi.o(.text) for __use_two_region_memory
    startup_mk60d10.o(RESET) refers to startup_mk60d10.o(STACK) for __initial_sp
    startup_mk60d10.o(RESET) refers to startup_mk60d10.o(.text) for Reset_Handler
    startup_mk60d10.o(RESET) refers to common.o(.text) for NMI_Handler
    startup_mk60d10.o(RESET) refers to os_cpu_a_keil.o(.text) for PendSV_Handler
    startup_mk60d10.o(RESET) refers to os_cpu_c.o(.text) for SysTick_Handler
    startup_mk60d10.o(RESET) refers to dma.o(.text) for DMA0_IRQHandler
    startup_mk60d10.o(RESET) refers to wdog.o(.text) for Watchdog_IRQHandler
    startup_mk60d10.o(RESET) refers to spi.o(.text) for SPI0_IRQHandler
    startup_mk60d10.o(RESET) refers to uart.o(.text) for UART0_RX_TX_IRQHandler
    startup_mk60d10.o(RESET) refers to adc.o(.text) for ADC0_IRQHandler
    startup_mk60d10.o(RESET) refers to ftm.o(.text) for FTM0_IRQHandler
    startup_mk60d10.o(RESET) refers to rtc.o(.text) for RTC_IRQHandler
    startup_mk60d10.o(RESET) refers to pit.o(.text) for PIT0_IRQHandler
    startup_mk60d10.o(RESET) refers to enet.o(.text) for ENET_Transmit_IRQHandler
    startup_mk60d10.o(RESET) refers to tsi.o(.text) for TSI0_IRQHandler
    startup_mk60d10.o(RESET) refers to lptmr.o(.text) for LPTimer_IRQHandler
    startup_mk60d10.o(RESET) refers to gpio.o(.text) for PORTA_IRQHandler
    startup_mk60d10.o(.ARM.__at_0x400) refers (Special) to heapauxi.o(.text) for __use_two_region_memory
    startup_mk60d10.o(.text) refers (Special) to heapauxi.o(.text) for __use_two_region_memory
    startup_mk60d10.o(.text) refers to system_mk60d10.o(.text) for SystemInit
    startup_mk60d10.o(.text) refers to __main.o(!!!main) for __main
    startup_mk60d10.o(.text) refers to startup_mk60d10.o(HEAP) for Heap_Mem
    startup_mk60d10.o(.text) refers to startup_mk60d10.o(STACK) for Stack_Mem
    main.o(.text) refers to app.o(.text) for allInit
    main.o(.text) refers to os_core.o(.text) for OSInit
    main.o(.text) refers to os_task.o(.text) for OSTaskCreate
    main.o(.text) refers to app.o(.bss) for APP_START_STK
    app.o(.text) refers to os_mbox.o(.text) for OSMboxCreate
    app.o(.text) refers to key.o(.text) for key_check
    app.o(.text) refers to os_time.o(.text) for OSTimeDlyHMSM
    app.o(.text) refers to dma.o(.text) for DMA_GetMajorLoopCount
    app.o(.text) refers to ctrl.o(.text) for speedCtrl
    app.o(.text) refers to os_task.o(.text) for OSTaskCreate
    app.o(.text) refers to os_cpu_a_keil.o(.text) for OS_CPU_SR_Save
    app.o(.text) refers to systick.o(.text) for SYSTICK_Init
    app.o(.text) refers to gpio.o(.text) for GPIO_QuickInit
    app.o(.text) refers to rt_memclr_w.o(.text) for __aeabi_memclr4
    app.o(.text) refers to ftm.o(.text) for FTM_PWM_QuickInit
    app.o(.text) refers to common.o(.text) for DelayInit
    app.o(.text) refers to oled.o(.text) for OLED_Init
    app.o(.text) refers to flash.o(.text) for flash_init
    app.o(.text) refers to flashui.o(.text) for Flash_Read
    app.o(.text) refers to app.o(.data) for msg_key
    app.o(.text) refers to ui.o(.data) for FunctionPointer
    app.o(.text) refers to app.o(.bss) for KEY_TASK_STK
    app.o(.text) refers to app.o(.constdata) for DMA_PORT_TriggerSourceTable
    oled.o(.text) refers to _printf_pad.o(.text) for _printf_pre_padding
    oled.o(.text) refers to _printf_percent.o(.ARM.Collect$$_printf_percent$$00000000) for _printf_percent
    oled.o(.text) refers to _printf_d.o(.ARM.Collect$$_printf_percent$$00000009) for _printf_d
    oled.o(.text) refers to _printf_dec.o(.text) for _printf_int_dec
    oled.o(.text) refers to gpio.o(.text) for GPIO_QuickInit
    oled.o(.text) refers to oled.o(.constdata) for F6x8
    oled.o(.text) refers to noretval__2sprintf.o(.text) for __2sprintf
    key.o(.text) refers to gpio.o(.text) for GPIO_QuickInit
    key.o(.text) refers to os_time.o(.text) for OSTimeDly
    ui.o(.text) refers to _printf_pad.o(.text) for _printf_pre_padding
    ui.o(.text) refers to _printf_percent.o(.ARM.Collect$$_printf_percent$$00000000) for _printf_percent
    ui.o(.text) refers to _printf_d.o(.ARM.Collect$$_printf_percent$$00000009) for _printf_d
    ui.o(.text) refers to _printf_dec.o(.text) for _printf_int_dec
    ui.o(.text) refers to rt_memcpy_w.o(.text) for __aeabi_memcpy4
    ui.o(.text) refers to oled.o(.text) for OLED_CLS
    ui.o(.text) refers to os_mbox.o(.text) for OSMboxPend
    ui.o(.text) refers to ftm.o(.text) for FTM_PWM_ChangeDuty
[...]
    LastSpeedCut2                            0x1fff0064   Data           2  ctrl.o(.data)
    SpeedLastPWMK                            0x1fff0066   Data           2  ctrl.o(.data)
    .data                                    0x1fff0068   Section       17  uart.o(.data)
    UART_DebugInstance                       0x1fff0068   Data           1  uart.o(.data)
    ntab                                     0x1fff0074   Data           4  uart.o(.data)
    is_fitst_init                            0x1fff0078   Data           1  uart.o(.data)
    .data                                    0x1fff007c   Section        4  wdog.o(.data)
    WDOG_CallBackTable                       0x1fff007c   Data           4  wdog.o(.data)
    .data                                    0x1fff0080   Section        4  pit.o(.data)
    fac_us                                   0x1fff0080   Data           4  pit.o(.data)
    .data                                    0x1fff0084   Section        8  adc.o(.data)
    ADC_CallBackTable                        0x1fff0084   Data           8  adc.o(.data)
    .data                                    0x1fff008c   Section        4  lptmr.o(.data)
    LPTMR_CallBackTable                      0x1fff008c   Data           4  lptmr.o(.data)
    .data                                    0x1fff0090   Section        4  dma.o(.data)
    DMAChlMAP                                0x1fff0090   Data           4  dma.o(.data)
    .data                                    0x1fff0094   Section        8  systick.o(.data)
    fac_us                                   0x1fff0094   Data           4  systick.o(.data)
    fac_ms                                   0x1fff0098   Data           4  systick.o(.data)
    .data                                    0x1fff009c   Section       52  rtc.o(.data)
    RTC_CallBackTable                        0x1fff009c   Data           4  rtc.o(.data)
    mdays                                    0x1fff00a0   Data          48  rtc.o(.data)
    .data                                    0x1fff00d0   Section       16  enet.o(.data)
    pxENETTxDescriptor                       0x1fff00d0   Data           4  enet.o(.data)
    pxENETRxDescriptors                      0x1fff00d4   Data           4  enet.o(.data)
    ENET_CallBackTxTable                     0x1fff00d8   Data           4  enet.o(.data)
    ENET_CallBackRxTable                     0x1fff00dc   Data           4  enet.o(.data)
    .data                                    0x1fff00e0   Section       68  tsi.o(.data)
    TSI_CallBackTable                        0x1fff00e0   Data           4  tsi.o(.data)
    TSI_ChlCNTRTable                         0x1fff00e4   Data          64  tsi.o(.data)
    .data                                    0x1fff0124   Section       96  os_core.o(.data)
    .data                                    0x1fff0184   Section        6  os_cpu_c.o(.data)
    OSTmrCtr                                 0x1fff0188   Data           2  os_cpu_c.o(.data)
    .bss                                     0x1fff018c   Section      120  flashui.o(.bss)
    .bss                                     0x1fff0204   Section       20  gpio.o(.bss)
    GPIO_CallBackTable                       0x1fff0204   Data          20  gpio.o(.bss)
    .bss                                     0x1fff0218   Section       48  uart.o(.bss)
    UART_CallBackTxTable                     0x1fff0218   Data          24  uart.o(.bss)
    UART_CallBackRxTable                     0x1fff0230   Data          24  uart.o(.bss)
    .bss                                     0x1fff0248   Section       16  pit.o(.bss)
    PIT_CallBackTable                        0x1fff0248   Data          16  pit.o(.bss)
    .bss                                     0x1fff0258   Section       12  ftm.o(.bss)
    FTM_CallBackTable                        0x1fff0258   Data          12  ftm.o(.bss)
    .bss                                     0x1fff0264   Section       12  spi.o(.bss)
    SPI_CallBackTable                        0x1fff0264   Data          12  spi.o(.bss)
    .bss                                     0x1fff0270   Section       64  dma.o(.bss)
    DMA_CallBackTable                        0x1fff0270   Data          64  dma.o(.bss)
    .bss                                     0x1fff02b0   Section     1630  enet.o(.bss)
    xENETTxDescriptors_unaligned             0x1fff02b0   Data          48  enet.o(.bss)
    xENETRxDescriptors_unaligned             0x1fff02e0   Data          48  enet.o(.bss)
    ucENETRxBuffers                          0x1fff0310   Data        1534  enet.o(.bss)
    .bss                                     0x1fff090e   Section     2048  flash.o(.bss)
    buf                                      0x1fff090e   Data        2048  flash.o(.bss)
    .bss                                     0x1fff1110   Section     4968  os_core.o(.bss)
    .bss                                     0x1fff2478   Section      512  os_cpu_c.o(.bss)
    .bss                                     0x1fff2678   Section       96  libspace.o(.bss)
    HEAP                                     0x1fff26d8   Section     1024  startup_mk60d10.o(HEAP)
    Heap_Mem                                 0x1fff26d8   Data        1024  startup_mk60d10.o(HEAP)
    STACK                                    0x1fff2ad8   Section     4096  startup_mk60d10.o(STACK)
    Stack_Mem                                0x1fff2ad8   Data        4096  startup_mk60d10.o(STACK)
    __initial_sp                             0x1fff3ad8   Data           0  startup_mk60d10.o(STACK)
    .bss                                     0x20000000   Section    16384  app.o(.bss)

    Global Symbols

    Symbol Name                              Value     Ov Type        Size  Object(Section)

    BuildAttributes$$THM_ISAv4$E$P$D$K$B$S$7EM$PE$A:L22UL41UL21$X:L11$S22US41US21$IEEE1$IW$USESV6$~STKCKD$USESV7$~SHL$OSPACE$ROPI$EBA8$UX$STANDARDLIB$REQ8$PRES8$EABIv2 0x00000000   Number         0  anon$$obj.o ABSOLUTE
    __ARM_use_no_argv                        0x00000000   Number         0  main.o ABSOLUTE
    __Vectors                                0x00000000   Data           4  startup_mk60d10.o(RESET)
    _printf_flags                            0x00000000   Number         0  printf_stubs.o ABSOLUTE
    _printf_return_value                     0x00000000   Number         0  printf_stubs.o ABSOLUTE
    _printf_sizespec                         0x00000000   Number         0  printf_stubs.o ABSOLUTE
    _printf_widthprec                        0x00000000   Number         0  printf_stubs.o ABSOLUTE
    __ARM_exceptions_init                     - Undefined Weak Reference
    __alloca_initialize                       - Undefined Weak Reference
    __cpp_initialize__aeabi_                  - Undefined Weak Reference
    __cxa_finalize                            - Undefined Weak Reference
    __rt_locale                               - Undefined Weak Reference
    __sigvec_lookup                           - Undefined Weak Reference
    _atexit_init                              - Undefined Weak Reference
    _call_atexit_fns                          - Undefined Weak Reference
    _clock_init                               - Undefined Weak Reference
    _fp_trap_init                             - Undefined Weak Reference
    _fp_trap_shutdown                         - Undefined Weak Reference
    _get_lc_collate                           - Undefined Weak Reference
    _get_lc_ctype                             - Undefined Weak Reference
    _get_lc_monetary                          - Undefined Weak Reference
    _get_lc_numeric                           - Undefined Weak Reference
    _get_lc_time                              - Undefined Weak Reference
    _getenv_init                              - Undefined Weak Reference
    _handle_redirection                       - Undefined Weak Reference
    _init_alloc                               - Undefined Weak Reference
    _init_user_alloc                          - Undefined Weak Reference
    _initio                                   - Undefined Weak Reference
    _printf_truncate_signed                   - Undefined Weak Reference
    _printf_truncate_unsigned                 - Undefined Weak Reference
    _rand_init                                - Undefined Weak Reference
    _signal_finish                            - Undefined Weak Reference
    _signal_init                              - Undefined Weak Reference
    _terminate_alloc                          - Undefined Weak Reference
    _terminate_user_alloc                     - Undefined Weak Reference
    _terminateio                              - Undefined Weak Reference
    __Vectors_End                            0x00000400   Data           0  startup_mk60d10.o(RESET)
    __Vectors_Size                           0x00000400   Number         0  startup_mk60d10.o ABSOLUTE
    __main                                   0x00000411   Thumb Code     8  __main.o(!!!main)
    __scatterload                            0x00000419   Thumb Code     0  __scatter.o(!!!scatter)
    __scatterload_rt2                        0x00000419   Thumb Code    44  __scatter.o(!!!scatter)
    __scatterload_rt2_thumb_only             0x00000419   Thumb Code     0  __scatter.o(!!!scatter)
    __scatterload_null                       0x00000427   Thumb Code     0  __scatter.o(!!!scatter)
    __decompress                             0x0000044d   Thumb Code    90  __dczerorl2.o(!!dczerorl2)
    __decompress1                            0x0000044d   Thumb Code     0  __dczerorl2.o(!!dczerorl2)
    __scatterload_zeroinit                   0x000004a9   Thumb Code    28  __scatter_zi.o(!!handler_zi)
    _printf_d                                0x000004c5   Thumb Code     0  _printf_d.o(.ARM.Collect$$_printf_percent$$00000009)
    _printf_percent                          0x000004c5   Thumb Code     0  _printf_percent.o(.ARM.Collect$$_printf_percent$$00000000)
    _printf_percent_end                      0x000004cb   Thumb Code     0  _printf_percent_end.o(.ARM.Collect$$_printf_percent$$00000017)
    __rt_lib_init                            0x000004cf   Thumb Code     0  libinit.o(.ARM.Collect$$libinit$$00000000)
    __rt_lib_init_alloca_1                   0x000004d1   Thumb Code     0  libinit2.o(.ARM.Collect$$libinit$$0000002C)
    __rt_lib_init_argv_1                     0x000004d1   Thumb Code     0  libinit2.o(.ARM.Collect$$libinit$$0000002A)
    __rt_lib_init_atexit_1                   0x000004d1   Thumb Code     0  libinit2.o(.ARM.Collect$$libinit$$00000019)
    __rt_lib_init_clock_1                    0x000004d1   Thumb Code     0  libinit2.o(.ARM.Collect$$libinit$$0000001F)
    __rt_lib_init_cpp_1                      0x000004d1   Thumb Code     0  libinit2.o(.ARM.Collect$$libinit$$00000030)
    __rt_lib_init_exceptions_1               0x000004d1   Thumb Code     0  libinit2.o(.ARM.Collect$$libinit$$0000002E)
    __rt_lib_init_fp_1                       0x000004d1   Thumb Code     0  libinit2.o(.ARM.Collect$$libinit$$00000002)
    __rt_lib_init_fp_trap_1                  0x000004d1   Thumb Code     0  libinit2.o(.ARM.Collect$$libinit$$0000001D)
    __rt_lib_init_getenv_1                   0x000004d1   Thumb Code     0  libinit2.o(.ARM.Collect$$libinit$$00000021)
    __rt_lib_init_heap_1                     0x000004d1   Thumb Code     0  libinit2.o(.ARM.Collect$$libinit$$00000008)
    __rt_lib_init_lc_collate_1               0x000004d1   Thumb Code     0  libinit2.o(.ARM.Collect$$libinit$$0000000F)
    __rt_lib_init_lc_ctype_1                 0x000004d1   Thumb Code     0  libinit2.o(.ARM.Collect$$libinit$$00000011)
    __rt_lib_init_lc_monetary_1              0x000004d1   Thumb Code     0  libinit2.o(.ARM.Collect$$libinit$$00000013)
    __rt_lib_init_lc_numeric_1               0x000004d1   Thumb Code     0  libinit2.o(.ARM.Collect$$libinit$$00000015)
    __rt_lib_init_lc_time_1                  0x000004d1   Thumb Code     0  libinit2.o(.ARM.Collect$$libinit$$00000017)
    __rt_lib_init_rand_1                     0x000004d1   Thumb Code     0  libinit2.o(.ARM.Collect$$libinit$$0000000C)
    __rt_lib_init_return                     0x000004d1   Thumb Code     0  libinit2.o(.ARM.Collect$$libinit$$00000031)
    __rt_lib_init_signal_1                   0x000004d1   Thumb Code     0  libinit2.o(.ARM.Collect$$libinit$$0000001B)
    __rt_lib_init_stdio_1                    0x000004d1   Thumb Code     0  libinit2.o(.ARM.Collect$$libinit$$00000023)
    __rt_lib_init_user_alloc_1               0x000004d1   Thumb Code     0  libinit2.o(.ARM.Collect$$libinit$$0000000A)
    __rt_lib_shutdown                        0x000004d3   Thumb Code     0  libshutdown.o(.ARM.Collect$$libshutdown$$00000000)
    __rt_lib_shutdown_fp_trap_1              0x000004d5   Thumb Code     0  libshutdown2.o(.ARM.Collect$$libshutdown$$00000006)
    __rt_lib_shutdown_heap_1                 0x000004d5   Thumb Code     0  libshutdown2.o(.ARM.Collect$$libshutdown$$0000000E)
    __rt_lib_shutdown_return                 0x000004d5   Thumb Code     0  libshutdown2.o(.ARM.Collect$$libshutdown$$0000000F)
    __rt_lib_shutdown_signal_1               0x000004d5   Thumb Code     0  libshutdown2.o(.ARM.Collect$$libshutdown$$00000009)
    __rt_lib_shutdown_stdio_1                0x000004d5   Thumb Code     0  libshutdown2.o(.ARM.Collect$$libshutdown$$00000003)
    __rt_lib_shutdown_user_alloc_1           0x000004d5   Thumb Code     0  libshutdown2.o(.ARM.Collect$$libshutdown$$0000000B)
    __rt_entry                               0x000004d7   Thumb Code     0  rtentry.o(.ARM.Collect$$rtentry$$00000000)
    __rt_entry_presh_1                       0x000004d7   Thumb Code     0  rtentry2.o(.ARM.Collect$$rtentry$$00000002)
    __rt_entry_sh                            0x000004d7   Thumb Code     0  rtentry4.o(.ARM.Collect$$rtentry$$00000004)
    __rt_entry_li                            0x000004dd   Thumb Code     0  rtentry2.o(.ARM.Collect$$rtentry$$0000000A)
    __rt_entry_postsh_1                      0x000004dd   Thumb Code     0  rtentry2.o(.ARM.Collect$$rtentry$$00000009)
    __rt_entry_main                          0x000004e1   Thumb Code     0  rtentry2.o(.ARM.Collect$$rtentry$$0000000D)
    __rt_entry_postli_1                      0x000004e1   Thumb Code     0  rtentry2.o(.ARM.Collect$$rtentry$$0000000C)
    __rt_exit                                0x000004e9   Thumb Code     0  rtexit.o(.ARM.Collect$$rtexit$$00000000)
    __rt_exit_ls                             0x000004eb   Thumb Code     0  rtexit2.o(.ARM.Collect$$rtexit$$00000003)
    __rt_exit_prels_1                        0x000004eb   Thumb Code     0  rtexit2.o(.ARM.Collect$$rtexit$$00000002)
    __rt_exit_exit                           0x000004ef   Thumb Code     0  rtexit2.o(.ARM.Collect$$rtexit$$00000004)
    __asm___6_enet_c_7a926d92____REVSH       0x000004f5   Thumb Code     4  enet.o(.revsh_text)
    SystemInit                               0x000004f9   Thumb Code    92  system_mk60d10.o(.text)
    SystemCoreClockUpdate                    0x00000555   Thumb Code   324  system_mk60d10.o(.text)
    Reset_Handler                            0x000006b5   Thumb Code     8  startup_mk60d10.o(.text)
    HardFault_Handler                        0x000006bf   Thumb Code     2  startup_mk60d10.o(.text)
    MemManage_Handler                        0x000006c1   Thumb Code     2  startup_mk60d10.o(.text)
    BusFault_Handler                         0x000006c3   Thumb Code     2  startup_mk60d10.o(.text)
    UsageFault_Handler                       0x000006c5   Thumb Code     2  startup_mk60d10.o(.text)
    SVC_Handler                              0x000006c7   Thumb Code     2  startup_mk60d10.o(.text)
    DebugMon_Handler                         0x000006c9   Thumb Code     2  startup_mk60d10.o(.text)
    CAN0_Bus_Off_IRQHandler                  0x000006cf   Thumb Code     0  startup_mk60d10.o(.text)
    CAN0_Error_IRQHandler                    0x000006cf   Thumb Code     0  startup_mk60d10.o(.text)
    CAN0_ORed_Message_buffer_IRQHandler      0x000006cf   Thumb Code     0  startup_mk60d10.o(.text)
    CAN0_Rx_Warning_IRQHandler               0x000006cf   Thumb Code     0  startup_mk60d10.o(.text)
    CAN0_Tx_Warning_IRQHandler               0x000006cf   Thumb Code     0  startup_mk60d10.o(.text)
    CAN0_Wake_Up_IRQHandler                  0x000006cf   Thumb Code     0  startup_mk60d10.o(.text)
    CAN1_Bus_Off_IRQHandler                  0x000006cf   Thumb Code     0  startup_mk60d10.o(.text)
    CAN1_Error_IRQHandler                    0x000006cf   Thumb Code     0  startup_mk60d10.o(.text)
    CAN1_ORed_Message_buffer_IRQHandler      0x000006cf   Thumb Code     0  startup_mk60d10.o(.text)
    CAN1_Rx_Warning_IRQHandler               0x000006cf   Thumb Code     0  startup_mk60d10.o(.text)
    CAN1_Tx_Warning_IRQHandler               0x000006cf   Thumb Code     0  startup_mk60d10.o(.text)
    CAN1_Wake_Up_IRQHandler                  0x000006cf   Thumb Code     0  startup_mk60d10.o(.text)
    CMP0_IRQHandler                          0x000006cf   Thumb Code     0  startup_mk60d10.o(.text)
    CMP1_IRQHandler                          0x000006cf   Thumb Code     0  startup_mk60d10.o(.text)
    CMP2_IRQHandler                          0x000006cf   Thumb Code     0  startup_mk60d10.o(.text)
    CMT_IRQHandler                           0x000006cf   Thumb Code     0  startup_mk60d10.o(.text)
    DAC0_IRQHandler                          0x000006cf   Thumb Code     0  startup_mk60d10.o(.text)
    DAC1_IRQHandler                          0x000006cf   Thumb Code     0  startup_mk60d10.o(.text)
    DMA_Error_IRQHandler                     0x000006cf   Thumb Code     0  startup_mk60d10.o(.text)
    DefaultISR                               0x000006cf   Thumb Code     0  startup_mk60d10.o(.text)
    ENET_1588_Timer_IRQHandler               0x000006cf   Thumb Code     0  startup_mk60d10.o(.text)
    ENET_Error_IRQHandler                    0x000006cf   Thumb Code     0  startup_mk60d10.o(.text)
    FTFL_IRQHandler                          0x000006cf   Thumb Code     0  startup_mk60d10.o(.text)
    I2C0_IRQHandler                          0x000006cf   Thumb Code     0  startup_mk60d10.o(.text)
    I2C1_IRQHandler                          0x000006cf   Thumb Code     0  startup_mk60d10.o(.text)
    I2S0_Rx_IRQHandler                       0x000006cf   Thumb Code     0  startup_mk60d10.o(.text)
    I2S0_Tx_IRQHandler                       0x000006cf   Thumb Code     0  startup_mk60d10.o(.text)
    LLW_IRQHandler                           0x000006cf   Thumb Code     0  startup_mk60d10.o(.text)
    LVD_LVW_IRQHandler                       0x000006cf   Thumb Code     0  startup_mk60d10.o(.text)
    MCG_IRQHandler                           0x000006cf   Thumb Code     0  startup_mk60d10.o(.text)
    MCM_IRQHandler                           0x000006cf   Thumb Code     0  startup_mk60d10.o(.text)
    PDB0_IRQHandler                          0x000006cf   Thumb Code     0  startup_mk60d10.o(.text)
    RNG_IRQHandler                           0x000006cf   Thumb Code     0  startup_mk60d10.o(.text)
    RTC_Seconds_IRQHandler                   0x000006cf   Thumb Code     0  startup_mk60d10.o(.text)
    Read_Collision_IRQHandler                0x000006cf   Thumb Code     0  startup_mk60d10.o(.text)
    Reserved102_IRQHandler                   0x000006cf   Thumb Code     0  startup_mk60d10.o(.text)
    Reserved108_IRQHandler                   0x000006cf   Thumb Code     0  startup_mk60d10.o(.text)
    Reserved109_IRQHandler                   0x000006cf   Thumb Code     0  startup_mk60d10.o(.text)
    Reserved111_IRQHandler                   0x000006cf   Thumb Code     0  startup_mk60d10.o(.text)
    Reserved112_IRQHandler                   0x000006cf   Thumb Code     0  startup_mk60d10.o(.text)
    Reserved113_IRQHandler                   0x000006cf   Thumb Code     0  startup_mk60d10.o(.text)
    Reserved114_IRQHandler                   0x000006cf   Thumb Code     0  startup_mk60d10.o(.text)
    Reserved115_IRQHandler                   0x000006cf   Thumb Code     0  startup_mk60d10.o(.text)
    Reserved116_IRQHandler                   0x000006cf   Thumb Code     0  startup_mk60d10.o(.text)
    Reserved117_IRQHandler                   0x000006cf   Thumb Code     0  startup_mk60d10.o(.text)
    Reserved118_IRQHandler                   0x000006cf   Thumb Code     0  startup_mk60d10.o(.text)
    Reserved119_IRQHandler                   0x000006cf   Thumb Code     0  startup_mk60d10.o(.text)
    Reserved59_IRQHandler                    0x000006cf   Thumb Code     0  startup_mk60d10.o(.text)
    Reserved95_IRQHandler                    0x000006cf   Thumb Code     0  startup_mk60d10.o(.text)
    SDHC_IRQHandler                          0x000006cf   Thumb Code     0  startup_mk60d10.o(.text)
    SWI_IRQHandler                           0x000006cf   Thumb Code     0  startup_mk60d10.o(.text)
    UART0_ERR_IRQHandler                     0x000006cf   Thumb Code     0  startup_mk60d10.o(.text)
    UART0_LON_IRQHandler                     0x000006cf   Thumb Code     0  startup_mk60d10.o(.text)
    UART1_ERR_IRQHandler                     0x000006cf   Thumb Code     0  startup_mk60d10.o(.text)
    UART2_ERR_IRQHandler                     0x000006cf   Thumb Code     0  startup_mk60d10.o(.text)
    UART3_ERR_IRQHandler                     0x000006cf   Thumb Code     0  startup_mk60d10.o(.text)
    UART4_ERR_IRQHandler                     0x000006cf   Thumb Code     0  startup_mk60d10.o(.text)
    UART5_ERR_IRQHandler                     0x000006cf   Thumb Code     0  startup_mk60d10.o(.text)
    USB0_IRQHandler                          0x000006cf   Thumb Code     0  startup_mk60d10.o(.text)
    USBDCD_IRQHandler                        0x000006cf   Thumb Code     0  startup_mk60d10.o(.text)
    __user_initial_stackheap                 0x000006d1   Thumb Code     0  startup_mk60d10.o(.text)
    main                                     0x000006f5   Thumb Code    30  main.o(.text)
    keyScan                                  0x0000071d   Thumb Code   312  app.o(.text)
    Task_OLED                                0x00000855   Thumb Code    30  app.o(.text)
    DMA_COUNT_TAST                           0x00000873   Thumb Code    86  app.o(.text)
    SPEED_TASK                               0x000008c9   Thumb Code    64  app.o(.text)
    CTRL_TASK                                0x00000909   Thumb Code    28  app.o(.text)
    AppStartTast                             0x00000925   Thumb Code   114  app.o(.text)
    DMA_PulseCountInit                       0x00000997   Thumb Code   128  app.o(.text)
    dmaInit                                  0x00000a17   Thumb Code    44  app.o(.text)
    speedInit                                0x00000a43   Thumb Code    70  app.o(.text)
    allInit                                  0x00000a89   Thumb Code    32  app.o(.text)
    Dly_ms                                   0x00000aed   Thumb Code    50  oled.o(.text)
    OLED_WrDat                               0x00000b1f   Thumb Code    64  oled.o(.text)
    OLED_WrCmd                               0x00000b5f   Thumb Code    62  oled.o(.text)
    OLED_Set_Pos                             0x00000b9d   Thumb Code    40  oled.o(.text)
    OLED_Fill                                0x00000bc5   Thumb Code    58  oled.o(.text)
    OLED_CLS                                 0x00000bff   Thumb Code    56  oled.o(.text)
    OLED_DLY_ms                              0x00000c37   Thumb Code    28  oled.o(.text)
    OLED_Init                                0x00000c53   Thumb Code   260  oled.o(.text)
    OLED_PutPixel                            0x00000d57   Thumb Code    72  oled.o(.text)
    OLED_Rectangle                           0x00000d9f   Thumb Code   132  oled.o(.text)
    OLED_P6x8Str                             0x00000e23   Thumb Code    96  oled.o(.text)
    OLED_P8x16Str                            0x00000e83   Thumb Code   142  oled.o(.text)
    OLED_P14x16Str                           0x00000f11   Thumb Code   250  oled.o(.text)
    OLED_Print                               0x0000100b   Thumb Code   100  oled.o(.text)
    Draw_BMP                                 0x0000106f   Thumb Code   118  oled.o(.text)
    LCD_Write_String                         0x000010e5   Thumb Code   130  oled.o(.text)
    LCD_Write_Number                         0x00001167   Thumb Code    34  oled.o(.text)
    KEY_Init                                 0x00001199   Thumb Code    44  key.o(.text)
    key_check                                0x000011c5   Thumb Code    42  key.o(.text)
    Menu_UI                                  0x000011f5   Thumb Code   368  ui.o(.text)
    speedClear                               0x00001365   Thumb Code    36  ui.o(.text)
    Run_UI                                   0x00001389   Thumb Code   156  ui.o(.text)
    State1_UI                                0x00001425   Thumb Code   146  ui.o(.text)
    Record_UI                                0x000014b7   Thumb Code   218  ui.o(.text)
    Read_UI                                  0x00001591   Thumb Code   680  ui.o(.text)
    AddNumString                             0x00001839   Thumb Code    30  ui.o(.text)
    Set_UI                                   0x00001857   Thumb Code  2432  ui.o(.text)
    Falsh_Reserve                            0x000021f5   Thumb Code   330  flashui.o(.text)
    Flash_Read                               0x0000233f   Thumb Code   252  flashui.o(.text)
    speedPID                                 0x00002451   Thumb Code   312  ctrl.o(.text)
    speedCtrl                                0x00002589   Thumb Code    50  ctrl.o(.text)
    streePID                                 0x000025bb   Thumb Code   272  ctrl.o(.text)
    ctrls                                    0x000026cb   Thumb Code    36  ctrl.o(.text)
    PORT_PinMuxConfig                        0x00002719   Thumb Code    74  gpio.o(.text)
    PORT_PinPullConfig                       0x00002763   Thumb Code   162  gpio.o(.text)
    PORT_PinOpenDrainConfig                  0x00002805   Thumb Code    72  gpio.o(.text)
    PORT_PinPassiveFilterConfig              0x0000284d   Thumb Code    72  gpio.o(.text)
    GPIO_PinConfig                           0x00002895   Thumb Code    70  gpio.o(.text)
    GPIO_Init                                0x000028db   Thumb Code   196  gpio.o(.text)
    GPIO_QuickInit                           0x0000299f   Thumb Code    30  gpio.o(.text)
    GPIO_WriteBit                            0x000029bd   Thumb Code    68  gpio.o(.text)
    GPIO_SetBit                              0x00002a01   Thumb Code    24  gpio.o(.text)
    GPIO_ResetBit                            0x00002a19   Thumb Code    24  gpio.o(.text)
    GPIO_ReadBit                             0x00002a31   Thumb Code    50  gpio.o(.text)
    GPIO_ToggleBit                           0x00002a63   Thumb Code    24  gpio.o(.text)
    GPIO_ReadPort                            0x00002a7b   Thumb Code    12  gpio.o(.text)
    GPIO_WritePort                           0x00002a87   Thumb Code    10  gpio.o(.text)
    GPIO_ITDMAConfig                         0x00002a91   Thumb Code   380  gpio.o(.text)
    GPIO_CallbackInstall                     0x00002c0d   Thumb Code    26  gpio.o(.text)
    PORTA_IRQHandler                         0x00002c57   Thumb Code    10  gpio.o(.text)
    PORTB_IRQHandler                         0x00002c61   Thumb Code    10  gpio.o(.text)
    PORTC_IRQHandler                         0x00002c6b   Thumb Code    10  gpio.o(.text)
    PORTD_IRQHandler                         0x00002c75   Thumb Code    10  gpio.o(.text)
    PORTE_IRQHandler                         0x00002c7f   Thumb Code    10  gpio.o(.text)
    UART_GetTxFIFOSize                       0x00002cb5   Thumb Code    22  uart.o(.text)
    UART_WriteByte                           0x00002ccb   Thumb Code   118  uart.o(.text)
    fputc                                    0x00002d41   Thumb Code    20  uart.o(.text)
    UART_ReadByte                            0x00002d55   Thumb Code    56  uart.o(.text)
    fgetc                                    0x00002d8d   Thumb Code    28  uart.o(.text)
    UART_printf                              0x00002df3   Thumb Code   110  uart.o(.text)
    UART_Init                                0x00002e61   Thumb Code   742  uart.o(.text)
    UART_DeInit                              0x00003147   Thumb Code    76  uart.o(.text)
    UART_SelectDebugInstance                 0x00003193   Thumb Code     6  uart.o(.text)
    UART_EnableTxFIFO                        0x00003199   Thumb Code    46  uart.o(.text)
    UART_EnableRxFIFO                        0x000031c7   Thumb Code    46  uart.o(.text)
    UART_GetRxFIFOSize                       0x000031f5   Thumb Code    22  uart.o(.text)
    UART_SetTxFIFOWatermark                  0x0000320b   Thumb Code    50  uart.o(.text)
    UART_SetRxFIFOWatermark                  0x0000323d   Thumb Code    50  uart.o(.text)
    UART_ITDMAConfig                         0x0000326f   Thumb Code   408  uart.o(.text)
    UART_CallbackTxInstall                   0x00003407   Thumb Code    48  uart.o(.text)
    UART_CallbackRxInstall                   0x00003437   Thumb Code    48  uart.o(.text)
    UART_QuickInit                           0x00003467   Thumb Code   146  uart.o(.text)
    UART0_RX_TX_IRQHandler                   0x000035b7   Thumb Code    10  uart.o(.text)
    UART1_RX_TX_IRQHandler                   0x000035c1   Thumb Code    10  uart.o(.text)
    UART2_RX_TX_IRQHandler                   0x000035cb   Thumb Code    10  uart.o(.text)
    UART3_RX_TX_IRQHandler                   0x000035d5   Thumb Code    10  uart.o(.text)
    UART4_RX_TX_IRQHandler                   0x000035df   Thumb Code    10  uart.o(.text)
    UART5_RX_TX_IRQHandler                   0x000035e9   Thumb Code    10  uart.o(.text)
    WDOG_Init                                0x00003629   Thumb Code   112  wdog.o(.text)
    WDOG_QuickInit                           0x00003699   Thumb Code    24  wdog.o(.text)
    WDOG_ITDMAConfig                         0x000036b1   Thumb Code    84  wdog.o(.text)
    WDOG_CallbackInstall                     0x00003705   Thumb Code     8  wdog.o(.text)
    WDOG_GetResetCounter                     0x0000370d   Thumb Code     6  wdog.o(.text)
    WDOG_ClearResetCounter                   0x00003713   Thumb Code    10  wdog.o(.text)
    WDOG_GetCurrentCounter                   0x0000371d   Thumb Code    14  wdog.o(.text)
    WDOG_Refresh                             0x0000372b   Thumb Code    32  wdog.o(.text)
    Watchdog_IRQHandler                      0x0000374b   Thumb Code    28  wdog.o(.text)
    PIT_Init                                 0x00003775   Thumb Code    94  pit.o(.text)
    PIT_QuickInit                            0x000037d3   Thumb Code    20  pit.o(.text)
    PIT_ITDMAConfig                          0x000037e7   Thumb Code   114  pit.o(.text)
    PIT_ResetCounter                         0x00003859   Thumb Code    42  pit.o(.text)
    PIT_GetCounterValue                      0x00003883   Thumb Code    12  pit.o(.text)
    PIT_CallbackInstall                      0x0000388f   Thumb Code    22  pit.o(.text)
    PIT0_IRQHandler                          0x000038cf   Thumb Code    10  pit.o(.text)
    PIT1_IRQHandler                          0x000038d9   Thumb Code    10  pit.o(.text)
    PIT2_IRQHandler                          0x000038e3   Thumb Code    10  pit.o(.text)
    PIT3_IRQHandler                          0x000038ed   Thumb Code    10  pit.o(.text)
    ADC_IsConversionCompleted                0x00003915   Thumb Code    26  adc.o(.text)
    ADC_Calibration                          0x0000392f   Thumb Code   254  adc.o(.text)
    ADC_Init                                 0x00003a2d   Thumb Code   662  adc.o(.text)
    ADC_EnableHardwareTrigger                0x00003cc3   Thumb Code    58  adc.o(.text)
    ADC_ChlMuxConfig                         0x00003cfd   Thumb Code    48  adc.o(.text)
    ADC_QuickInit                            0x00003d2d   Thumb Code   146  adc.o(.text)
    ADC_StartConversion                      0x00003dbf   Thumb Code    54  adc.o(.text)
    ADC_ReadValue                            0x00003df5   Thumb Code    16  adc.o(.text)
    ADC_QuickReadValue                       0x00003e05   Thumb Code    54  adc.o(.text)
    ADC_ITDMAConfig                          0x00003e3b   Thumb Code   170  adc.o(.text)
    ADC_CallbackInstall                      0x00003ee5   Thumb Code    10  adc.o(.text)
    ADC0_IRQHandler                          0x00003eef   Thumb Code    16  adc.o(.text)
    ADC1_IRQHandler                          0x00003eff   Thumb Code    16  adc.o(.text)
    FTM_PWM_InvertPolarity                   0x0000406b   Thumb Code   132  ftm.o(.text)
    FTM_QD_QuickInit                         0x00004563   Thumb Code   376  ftm.o(.text)
    FTM_QD_GetData                           0x000046db   Thumb Code    30  ftm.o(.text)
    FTM_QD_ClearCount                        0x000046f9   Thumb Code    12  ftm.o(.text)
    FTM_PWM_ChangeDuty                       0x00004705   Thumb Code   156  ftm.o(.text)
    FTM_PWM_QuickInit                        0x000047a1   Thumb Code   452  ftm.o(.text)
    FTM_IC_QuickInit                         0x00004965   Thumb Code   204  ftm.o(.text)
    FTM_IC_SetTriggerMode                    0x00004a31   Thumb Code   194  ftm.o(.text)
    FTM_GetChlCounter                        0x00004af3   Thumb Code    18  ftm.o(.text)
    FTM_SetMoudleCounter                     0x00004b05   Thumb Code    10  ftm.o(.text)
    FTM_CallbackInstall                      0x00004b0f   Thumb Code    18  ftm.o(.text)
    FTM_ITDMAConfig                          0x00004b21   Thumb Code   358  ftm.o(.text)
    FTM0_IRQHandler                          0x00004c87   Thumb Code   102  ftm.o(.text)
    FTM1_IRQHandler                          0x00004ced   Thumb Code   102  ftm.o(.text)
    FTM2_IRQHandler                          0x00004d53   Thumb Code   102  ftm.o(.text)
    SPI_CTARConfig                           0x00004eab   Thumb Code   346  spi.o(.text)
    SPI_Init                                 0x00005005   Thumb Code   148  spi.o(.text)
    SPI_QuickInit                            0x00005099   Thumb Code    98  spi.o(.text)
    SPI_EnableTxFIFO                         0x000050fb   Thumb Code    66  spi.o(.text)
    SPI_EnableRxFIFO                         0x0000513d   Thumb Code    66  spi.o(.text)
    SPI_ITDMAConfig                          0x0000517f   Thumb Code   196  spi.o(.text)
    SPI_CallbackInstall                      0x00005243   Thumb Code    10  spi.o(.text)
    SPI_ReadWriteByte                        0x0000524d   Thumb Code   114  spi.o(.text)
    SPI0_IRQHandler                          0x000052e9   Thumb Code    10  spi.o(.text)
    SPI1_IRQHandler                          0x000052f3   Thumb Code    10  spi.o(.text)
    SPI2_IRQHandler                          0x000052fd   Thumb Code    10  spi.o(.text)
    LPTMR_TC_Init                            0x00005311   Thumb Code    78  lptmr.o(.text)
    LPTMR_PC_Init                            0x0000535f   Thumb Code   178  lptmr.o(.text)
    LPTMR_ITDMAConfig                        0x00005411   Thumb Code    92  lptmr.o(.text)
    LPTMR_CallbackInstall                    0x0000546d   Thumb Code    26  lptmr.o(.text)
    LPTMR_PC_ReadCounter                     0x00005487   Thumb Code    18  lptmr.o(.text)
    LPTMR_PC_QuickInit                       0x00005499   Thumb Code   110  lptmr.o(.text)
    LPTMR_ClearCounter                       0x00005507   Thumb Code    24  lptmr.o(.text)
    LPTimer_IRQHandler                       0x0000551f   Thumb Code    28  lptmr.o(.text)
    DMA_Init                                 0x0000554d   Thumb Code   372  dma.o(.text)
    DMA_ChlAlloc                             0x000056c1   Thumb Code    46  dma.o(.text)
    DMA_ChlFree                              0x000056ef   Thumb Code    16  dma.o(.text)
    DMA_GetMajorLoopCount                    0x000056ff   Thumb Code    16  dma.o(.text)
    DMA_SetMajorLoopCounter                  0x0000570f   Thumb Code    44  dma.o(.text)
    DMA_EnableRequest                        0x0000573b   Thumb Code    10  dma.o(.text)
    DMA_DisableRequest                       0x00005745   Thumb Code    10  dma.o(.text)
    DMA_EnableAutoDisableRequest             0x0000574f   Thumb Code    46  dma.o(.text)
    DMA_EnableMajorLink                      0x0000577d   Thumb Code    94  dma.o(.text)
    DMA_ITConfig                             0x000057db   Thumb Code   140  dma.o(.text)
    DMA_CallbackInstall                      0x00005867   Thumb Code    10  dma.o(.text)
    DMA_IsMajorLoopComplete                  0x00005871   Thumb Code    56  dma.o(.text)
    DMA_SetDestAddress                       0x000058a9   Thumb Code    10  dma.o(.text)
    DMA_GetDestAddress                       0x000058b3   Thumb Code    12  dma.o(.text)
    DMA_SetSourceAddress                     0x000058bf   Thumb Code    10  dma.o(.text)
    DMA_GetSourceAddress                     0x000058c9   Thumb Code    12  dma.o(.text)
    DMA_CancelTransfer                       0x000058d5   Thumb Code    14  dma.o(.text)
    DMA0_IRQHandler                          0x00005901   Thumb Code    10  dma.o(.text)
    DMA1_IRQHandler                          0x0000590b   Thumb Code    10  dma.o(.text)
    DMA2_IRQHandler                          0x00005915   Thumb Code    10  dma.o(.text)
    DMA3_IRQHandler                          0x0000591f   Thumb Code    10  dma.o(.text)
    DMA4_IRQHandler                          0x00005929   Thumb Code    40  dma.o(.text)
    DMA5_IRQHandler                          0x00005951   Thumb Code    10  dma.o(.text)
    DMA6_IRQHandler                          0x0000595b   Thumb Code    10  dma.o(.text)
    DMA7_IRQHandler                          0x00005965   Thumb Code    10  dma.o(.text)
    DMA8_IRQHandler                          0x0000596f   Thumb Code    10  dma.o(.text)
    DMA9_IRQHandler                          0x00005979   Thumb Code    10  dma.o(.text)
    DMA10_IRQHandler                         0x00005983   Thumb Code    10  dma.o(.text)
    DMA11_IRQHandler                         0x0000598d   Thumb Code    10  dma.o(.text)
    DMA12_IRQHandler                         0x00005997   Thumb Code    10  dma.o(.text)
    DMA13_IRQHandler                         0x000059a1   Thumb Code    10  dma.o(.text)
    DMA14_IRQHandler                         0x000059ab   Thumb Code    10  dma.o(.text)
    DMA15_IRQHandler                         0x000059b5   Thumb Code    10  dma.o(.text)
    SYSTICK_Init                             0x000059c1   Thumb Code    72  systick.o(.text)
    SYSTICK_ITConfig                         0x00005a09   Thumb Code    40  systick.o(.text)
    SYSTICK_Cmd                              0x00005a31   Thumb Code    40  systick.o(.text)
    SYSTICK_DelayInit                        0x00005a59   Thumb Code    24  systick.o(.text)
    SYSTICK_DelayUs                          0x00005a71   Thumb Code    52  systick.o(.text)
    SYSTICK_DelayMs                          0x00005aa5   Thumb Code    66  systick.o(.text)
    SYSTICK_GetVal                           0x00005ae7   Thumb Code     8  systick.o(.text)
    RTC_GetWeek                              0x00005afd   Thumb Code   108  rtc.o(.text)
    RTC_GetTime                              0x00005c77   Thumb Code    26  rtc.o(.text)
    RTC_IsTimeValid                          0x00005c91   Thumb Code    14  rtc.o(.text)
    RTC_SetAlarm                             0x00005c9f   Thumb Code    28  rtc.o(.text)
    RTC_SetCompensation                      0x00005cbb   Thumb Code    54  rtc.o(.text)
    RTC_Init                                 0x00005cf1   Thumb Code   162  rtc.o(.text)
    RTC_QuickInit                            0x00005d93   Thumb Code    14  rtc.o(.text)
    RTC_GetTSR                               0x00005da1   Thumb Code     6  rtc.o(.text)
    RTC_GetTAR                               0x00005da7   Thumb Code     6  rtc.o(.text)
    RTC_SetTime                              0x00005dad   Thumb Code    46  rtc.o(.text)
    RTC_SetTSR                               0x00005ddb   Thumb Code    26  rtc.o(.text)
    RTC_ITDMAConfig                          0x00005df5   Thumb Code   128  rtc.o(.text)
    RTC_CallbackInstall                      0x00005e75   Thumb Code     8  rtc.o(.text)
    RTC_IRQHandler                           0x00005e7d   Thumb Code    72  rtc.o(.text)
    ENET_MII_Init                            0x0000606d   Thumb Code    68  enet.o(.text)
    ENET_MII_Write                           0x000060b1   Thumb Code   110  enet.o(.text)
    ENET_MII_Read                            0x0000611f   Thumb Code   114  enet.o(.text)
    ENET_Init                                0x00006191   Thumb Code   312  enet.o(.text)
    ENET_MacSendData                         0x000062c9   Thumb Code   138  enet.o(.text)
    ENET_GetReceiveLen                       0x00006353   Thumb Code    30  enet.o(.text)
    ENET_MacReceiveData                      0x00006371   Thumb Code    78  enet.o(.text)
    ENET_ITDMAConfig                         0x000063bf   Thumb Code    86  enet.o(.text)
    ENET_CallbackTxInstall                   0x00006415   Thumb Code     8  enet.o(.text)
    ENET_CallbackRxInstall                   0x0000641d   Thumb Code     8  enet.o(.text)
    ENET_IsTxTransferComplete                0x00006425   Thumb Code    30  enet.o(.text)
    ENET_Transmit_IRQHandler                 0x00006443   Thumb Code    28  enet.o(.text)
    ENET_Receive_IRQHandler                  0x0000645f   Thumb Code    28  enet.o(.text)
    TSI_GetCounter                           0x000064a5   Thumb Code    12  tsi.o(.text)
    TSI_Init                                 0x00006507   Thumb Code   234  tsi.o(.text)
    TSI_QuickInit                            0x000065f1   Thumb Code   102  tsi.o(.text)
    TSI_ITDMAConfig                          0x00006657   Thumb Code    96  tsi.o(.text)
    TSI_CallbackInstall                      0x000066b7   Thumb Code     8  tsi.o(.text)
    TSI0_IRQHandler                          0x000066bf   Thumb Code    38  tsi.o(.text)
    GetClock                                 0x00006711   Thumb Code   104  common.o(.text)
    EnterSTOPMode                            0x00006779   Thumb Code    54  common.o(.text)
    QuickInitEncode                          0x000067af   Thumb Code     6  common.o(.text)
    GetUID                                   0x000067b5   Thumb Code    16  common.o(.text)
    QuickInitDecode                          0x000067c5   Thumb Code    10  common.o(.text)
    DWT_DelayInit                            0x000067cf   Thumb Code    30  common.o(.text)
    DWT_DelayUs                              0x000067ed   Thumb Code    62  common.o(.text)
    DWT_DelayMs                              0x0000682b   Thumb Code    18  common.o(.text)
    DelayInit                                0x0000683d   Thumb Code     8  common.o(.text)
    DelayMs                                  0x00006845   Thumb Code    12  common.o(.text)
    DelayUs                                  0x00006851   Thumb Code    12  common.o(.text)
    NMI_Handler                              0x0000685d   Thumb Code     2  common.o(.text)
    FLASH_GetSectorSize                      0x000068a3   Thumb Code     6  flash.o(.text)
    FLASH_Init                               0x000068a9   Thumb Code     8  flash.o(.text)
    FLASH_EraseSector                        0x000068b1   Thumb Code    44  flash.o(.text)
    FLASH_WriteSector                        0x000068dd   Thumb Code   142  flash.o(.text)
    FLASH_Test                               0x0000696b   Thumb Code   118  flash.o(.text)
    flash_init                               0x00006a07   Thumb Code    52  flash.o(.text)
    flash_write                              0x00006a3b   Thumb Code    88  flash.o(.text)
    flash_erase_sector                       0x00006a93   Thumb Code    64  flash.o(.text)
    OS_StrLen                                0x00006ae1   Thumb Code    28  os_core.o(.text)
    OSEventNameGet                           0x00006afd   Thumb Code   118  os_core.o(.text)
    OSEventNameSet                           0x00006b73   Thumb Code   100  os_core.o(.text)
    OS_EventTaskRemoveMulti                  0x00006bd7   Thumb Code    58  os_core.o(.text)
    OS_Sched                                 0x00006c2b   Thumb Code    88  os_core.o(.text)
    OS_EventTaskWaitMulti                    0x00006c83   Thumb Code   136  os_core.o(.text)
    OSEventPendMulti                         0x00006d0b   Thumb Code   742  os_core.o(.text)
    OS_TaskStatStkChk                        0x00006ff1   Thumb Code    54  os_core.o(.text)
    OS_TaskStat                              0x00007027   Thumb Code   140  os_core.o(.text)
    OS_TaskIdle                              0x000070e7   Thumb Code    34  os_core.o(.text)
    OS_MemClr                                0x0000713d   Thumb Code    18  os_core.o(.text)
    OSInit                                   0x00007263   Thumb Code    52  os_core.o(.text)
    OSIntEnter                               0x00007297   Thumb Code    28  os_core.o(.text)
    OSIntExit                                0x000072b3   Thumb Code   258  os_core.o(.text)
    OSSchedLock                              0x000073b5   Thumb Code    50  os_core.o(.text)
    OSSchedUnlock                            0x000073e7   Thumb Code    82  os_core.o(.text)
    OSStart                                  0x00007439   Thumb Code    48  os_core.o(.text)
    OSStatInit                               0x00007469   Thumb Code    62  os_core.o(.text)
    OSTimeTick                               0x000074a7   Thumb Code   210  os_core.o(.text)
    OSVersion                                0x00007579   Thumb Code     6  os_core.o(.text)
    OS_Dummy                                 0x0000757f   Thumb Code     2  os_core.o(.text)
    OS_EventTaskRemove                       0x00007581   Thumb Code    42  os_core.o(.text)
    OS_EventTaskRdy                          0x000075ab   Thumb Code   128  os_core.o(.text)
    OS_EventTaskWait                         0x0000762b   Thumb Code   112  os_core.o(.text)
    OS_EventWaitListInit                     0x0000769b   Thumb Code    28  os_core.o(.text)
    OS_MemCopy                               0x000076b7   Thumb Code    20  os_core.o(.text)
    OS_TCBInit                               0x000076cb   Thumb Code   370  os_core.o(.text)
    OSFlagAccept                             0x00007849   Thumb Code   262  os_flag.o(.text)
    OSFlagCreate                             0x0000794f   Thumb Code    86  os_flag.o(.text)
    OS_FlagUnlink                            0x000079a5   Thumb Code    36  os_flag.o(.text)
    OSFlagDel                                0x00007a1b   Thumb Code   224  os_flag.o(.text)
    OSFlagNameGet                            0x00007afb   Thumb Code   100  os_flag.o(.text)
    OSFlagNameSet                            0x00007b5f   Thumb Code    82  os_flag.o(.text)
    OSFlagPend                               0x00007c49   Thumb Code   626  os_flag.o(.text)
    OSFlagPendGetFlagsRdy                    0x00007ebb   Thumb Code    26  os_flag.o(.text)
    OSFlagPost                               0x00007ed5   Thumb Code   322  os_flag.o(.text)
    OSFlagQuery                              0x00008017   Thumb Code    58  os_flag.o(.text)
    OS_FlagInit                              0x00008051   Thumb Code    78  os_flag.o(.text)
    OSMboxAccept                             0x000080ad   Thumb Code    44  os_mbox.o(.text)
    OSMboxCreate                             0x000080d9   Thumb Code    72  os_mbox.o(.text)
    OSMboxDel                                0x00008121   Thumb Code   220  os_mbox.o(.text)
    OSMboxPend                               0x000081fd   Thumb Code   262  os_mbox.o(.text)
    OSMboxPendAbort                          0x00008303   Thumb Code   138  os_mbox.o(.text)
    OSMboxPost                               0x0000838d   Thumb Code    92  os_mbox.o(.text)
    OSMboxPostOpt                            0x000083e9   Thumb Code   132  os_mbox.o(.text)
    OSMboxQuery                              0x0000846d   Thumb Code   108  os_mbox.o(.text)
    OSMemCreate                              0x000084d9   Thumb Code   164  os_mem.o(.text)
    OSMemGet                                 0x0000857d   Thumb Code    72  os_mem.o(.text)
    OSMemNameGet                             0x000085c5   Thumb Code    80  os_mem.o(.text)
    OSMemNameSet                             0x00008615   Thumb Code    64  os_mem.o(.text)
    OSMemPut                                 0x00008655   Thumb Code    66  os_mem.o(.text)
    OSMemQuery                               0x00008697   Thumb Code    64  os_mem.o(.text)
    OS_MemInit                               0x000086d7   Thumb Code    74  os_mem.o(.text)
    OSQAccept                                0x00008731   Thumb Code    98  os_q.o(.text)
    OSQCreate                                0x00008793   Thumb Code   144  os_q.o(.text)
    OSQDel                                   0x00008823   Thumb Code   254  os_q.o(.text)
    OSQFlush                                 0x00008921   Thumb Code    52  os_q.o(.text)
    OSQPend                                  0x00008955   Thumb Code   288  os_q.o(.text)
    OSQPendAbort                             0x00008a75   Thumb Code   138  os_q.o(.text)
    OSQPost                                  0x00008aff   Thumb Code   120  os_q.o(.text)
    OSQPostFront                             0x00008b77   Thumb Code   146  os_q.o(.text)
    OSQPostOpt                               0x00008c09   Thumb Code   188  os_q.o(.text)
    OSQQuery                                 0x00008cc5   Thumb Code   110  os_q.o(.text)
    OS_QInit                                 0x00008d33   Thumb Code    72  os_q.o(.text)
    OSSemAccept                              0x00008d85   Thumb Code    48  os_sem.o(.text)
    OSSemCreate                              0x00008db5   Thumb Code    72  os_sem.o(.text)
    OSSemDel                                 0x00008dfd   Thumb Code   220  os_sem.o(.text)
    OSSemPend                                0x00008ed9   Thumb Code   236  os_sem.o(.text)
    OSSemPendAbort                           0x00008fc5   Thumb Code   138  os_sem.o(.text)
    OSSemPost                                0x0000904f   Thumb Code    94  os_sem.o(.text)
    OSSemQuery                               0x000090ad   Thumb Code    88  os_sem.o(.text)
    OSSemSet                                 0x00009105   Thumb Code    74  os_sem.o(.text)
    OSTaskChangePrio                         0x00009165   Thumb Code   418  os_task.o(.text)
    OSTaskCreate                             0x00009307   Thumb Code   156  os_task.o(.text)
    OS_TaskStkClr                            0x000093a3   Thumb Code    26  os_task.o(.text)
    OSTaskCreateExt                          0x000093bd   Thumb Code   178  os_task.o(.text)
    OSTaskDel                                0x0000946f   Thumb Code   354  os_task.o(.text)
    OSTaskDelReq                             0x000095d1   Thumb Code   112  os_task.o(.text)
    OSTaskNameGet                            0x00009641   Thumb Code   140  os_task.o(.text)
    OSTaskNameSet                            0x000096cd   Thumb Code   120  os_task.o(.text)
    OSTaskResume                             0x00009745   Thumb Code   162  os_task.o(.text)
    OSTaskStkChk                             0x000097e7   Thumb Code   146  os_task.o(.text)
    OSTaskSuspend                            0x00009879   Thumb Code   172  os_task.o(.text)
    OSTaskQuery                              0x00009925   Thumb Code   132  os_task.o(.text)
    OSTaskRegGet                             0x000099a9   Thumb Code    86  os_task.o(.text)
    OSTaskRegSet                             0x000099ff   Thumb Code    84  os_task.o(.text)
    OS_TaskReturn                            0x00009a53   Thumb Code    18  os_task.o(.text)
    OSTimeDly                                0x00009a6d   Thumb Code   100  os_time.o(.text)
    OSTimeDlyHMSM                            0x00009ad1   Thumb Code   124  os_time.o(.text)
    OSTimeDlyResume                          0x00009b4d   Thumb Code   168  os_time.o(.text)
    OSTimeGet                                0x00009bf5   Thumb Code    24  os_time.o(.text)
    OSTimeSet                                0x00009c0d   Thumb Code    24  os_time.o(.text)
    OSTmrCreate                              0x00009c73   Thumb Code   154  os_tmr.o(.text)
    OSTmrDel                                 0x00009d85   Thumb Code   134  os_tmr.o(.text)
    OSTmrNameGet                             0x00009e0b   Thumb Code   134  os_tmr.o(.text)
    OSTmrRemainGet                           0x00009e91   Thumb Code   172  os_tmr.o(.text)
    OSTmrStateGet                            0x00009f3d   Thumb Code    96  os_tmr.o(.text)
    OSTmrStart                               0x0000a001   Thumb Code   168  os_tmr.o(.text)
    OSTmrStop                                0x0000a0a9   Thumb Code   190  os_tmr.o(.text)
    OSTmrSignal                              0x0000a167   Thumb Code    16  os_tmr.o(.text)
    OSTmr_Init                               0x0000a21b   Thumb Code   172  os_tmr.o(.text)
    OS_CPU_SR_Save                           0x0000a331   Thumb Code     0  os_cpu_a_keil.o(.text)
    OS_CPU_SR_Restore                        0x0000a339   Thumb Code     0  os_cpu_a_keil.o(.text)
    OSStartHighRdy                           0x0000a33f   Thumb Code     0  os_cpu_a_keil.o(.text)
    OSCtxSw                                  0x0000a367   Thumb Code     0  os_cpu_a_keil.o(.text)
    OSIntCtxSw                               0x0000a371   Thumb Code     0  os_cpu_a_keil.o(.text)
    PendSV_Handler                           0x0000a37b   Thumb Code     0  os_cpu_a_keil.o(.text)
    OSInitHookBegin                          0x0000a3e1   Thumb Code    30  os_cpu_c.o(.text)
    OSInitHookEnd                            0x0000a3ff   Thumb Code     2  os_cpu_c.o(.text)
    OSTaskCreateHook                         0x0000a401   Thumb Code     2  os_cpu_c.o(.text)
    OSTaskDelHook                            0x0000a403   Thumb Code     2  os_cpu_c.o(.text)
    OSTaskIdleHook                           0x0000a405   Thumb Code     2  os_cpu_c.o(.text)
    OSTaskReturnHook                         0x0000a407   Thumb Code     2  os_cpu_c.o(.text)
    OSTaskStatHook                           0x0000a409   Thumb Code     2  os_cpu_c.o(.text)
    OSTaskStkInit                            0x0000a40b   Thumb Code   152  os_cpu_c.o(.text)
    OSTaskSwHook                             0x0000a4a3   Thumb Code     2  os_cpu_c.o(.text)
    OSTCBInitHook                            0x0000a4a5   Thumb Code     2  os_cpu_c.o(.text)
    OSTimeTickHook                           0x0000a4a7   Thumb Code    30  os_cpu_c.o(.text)
    SysTick_Handler                          0x0000a4c5   Thumb Code    16  os_cpu_c.o(.text)
    __2sprintf                               0x0000a4e9   Thumb Code    34  noretval__2sprintf.o(.text)
    _printf_pre_padding                      0x0000a511   Thumb Code    44  _printf_pad.o(.text)
    _printf_post_padding                     0x0000a53d   Thumb Code    34  _printf_pad.o(.text)
    _printf_int_dec                          0x0000a561   Thumb Code   100  _printf_dec.o(.text)
    __printf                                 0x0000a5d5   Thumb Code   270  __printf_wp.o(.text)
    __aeabi_memcpy                           0x0000a6e3   Thumb Code     0  rt_memcpy_v6.o(.text)
    __rt_memcpy                              0x0000a6e3   Thumb Code   138  rt_memcpy_v6.o(.text)
    _memcpy_lastbytes                        0x0000a749   Thumb Code     0  rt_memcpy_v6.o(.text)
    __aeabi_memcpy4                          0x0000a76d   Thumb Code     0  rt_memcpy_w.o(.text)
    __aeabi_memcpy8                          0x0000a76d   Thumb Code     0  rt_memcpy_w.o(.text)
    __rt_memcpy_w                            0x0000a76d   Thumb Code   100  rt_memcpy_w.o(.text)
    _memcpy_lastbytes_aligned                0x0000a7b5   Thumb Code     0  rt_memcpy_w.o(.text)
    __aeabi_memclr4                          0x0000a7d1   Thumb Code     0  rt_memclr_w.o(.text)
    __aeabi_memclr8                          0x0000a7d1   Thumb Code     0  rt_memclr_w.o(.text)
    __rt_memclr_w                            0x0000a7d1   Thumb Code    78  rt_memclr_w.o(.text)
    _memset_w                                0x0000a7d5   Thumb Code     0  rt_memclr_w.o(.text)
    __use_two_region_memory                  0x0000a81f   Thumb Code     2  heapauxi.o(.text)
    __rt_heap_escrow$2region                 0x0000a821   Thumb Code     2  heapauxi.o(.text)
    __rt_heap_expand$2region                 0x0000a823   Thumb Code     2  heapauxi.o(.text)
    _printf_int_common                       0x0000a825   Thumb Code   178  _printf_intcommon.o(.text)
    _printf_char_common                      0x0000a8e3   Thumb Code    32  _printf_char_common.o(.text)
    _sputc                                   0x0000a909   Thumb Code    10  _sputc.o(.text)
    __user_setup_stackheap                   0x0000a913   Thumb Code    74  sys_stackheap_outer.o(.text)
    exit                                     0x0000a95d   Thumb Code    12  exit.o(.text)
    __user_libspace                          0x0000a969   Thumb Code     8  libspace.o(.text)
    __user_perproc_libspace                  0x0000a969   Thumb Code     0  libspace.o(.text)
    __user_perthread_libspace                0x0000a969   Thumb Code     0  libspace.o(.text)
    _sys_exit                                0x0000a971   Thumb Code     8  sys_exit.o(.text)
    __I$use$semihosting                      0x0000a97d   Thumb Code     0  use_no_semi.o(.text)
    __use_no_semihosting_swi                 0x0000a97d   Thumb Code     2  use_no_semi.o(.text)
    __semihosting_library_function           0x0000a97f   Thumb Code     0  indicate_semi.o(.text)
    _is_digit                                0x0000a97f   Thumb Code    14  __printf_wp.o(i._is_digit)
    __aeabi_d2f                              0x0000a98d   Thumb Code     0  d2f.o(x$fpl$d2f)
    _d2f                                     0x0000a98d   Thumb Code    98  d2f.o(x$fpl$d2f)
    __aeabi_dadd                             0x0000a9f1   Thumb Code     0  daddsub_clz.o(x$fpl$dadd)
    _dadd                                    0x0000a9f1   Thumb Code   332  daddsub_clz.o(x$fpl$dadd)
    __fpl_dcmp_Inf                           0x0000ab41   Thumb Code    24  dcmpi.o(x$fpl$dcmpinf)
    __aeabi_cdcmple                          0x0000ab59   Thumb Code     0  dleqf.o(x$fpl$dleqf)
    _dcmple                                  0x0000ab59   Thumb Code   120  dleqf.o(x$fpl$dleqf)
    __fpl_dcmple_InfNaN                      0x0000abbb   Thumb Code     0  dleqf.o(x$fpl$dleqf)
    __fpl_dnaninf                            0x0000abd1   Thumb Code   156  dnaninf.o(x$fpl$dnaninf)
    __fpl_dretinf                            0x0000ac6d   Thumb Code    12  dretinf.o(x$fpl$dretinf)
    __aeabi_cdrcmple                         0x0000ac79   Thumb Code     0  drleqf.o(x$fpl$drleqf)
    _drcmple                                 0x0000ac79   Thumb Code   108  drleqf.o(x$fpl$drleqf)
    __aeabi_dsub                             0x0000ace5   Thumb Code     0  daddsub_clz.o(x$fpl$dsub)
    _dsub                                    0x0000ace5   Thumb Code   464  daddsub_clz.o(x$fpl$dsub)
    __aeabi_f2d                              0x0000aeb9   Thumb Code     0  f2d.o(x$fpl$f2d)
    _f2d                                     0x0000aeb9   Thumb Code    86  f2d.o(x$fpl$f2d)
    __aeabi_fadd                             0x0000af11   Thumb Code     0  faddsub_clz.o(x$fpl$fadd)
    _fadd                                    0x0000af11   Thumb Code   196  faddsub_clz.o(x$fpl$fadd)
    __aeabi_fdiv                             0x0000afd5   Thumb Code     0  fdiv.o(x$fpl$fdiv)
    _fdiv                                    0x0000afd5   Thumb Code   384  fdiv.o(x$fpl$fdiv)
    __aeabi_f2iz                             0x0000b159   Thumb Code     0  ffix.o(x$fpl$ffix)
    _ffix                                    0x0000b159   Thumb Code    54  ffix.o(x$fpl$ffix)
    __aeabi_f2uiz                            0x0000b191   Thumb Code     0  ffixu.o(x$fpl$ffixu)
    _ffixu                                   0x0000b191   Thumb Code    62  ffixu.o(x$fpl$ffixu)
    __aeabi_i2f                              0x0000b1d1   Thumb Code     0  fflt_clz.o(x$fpl$fflt)
    _fflt                                    0x0000b1d1   Thumb Code    48  fflt_clz.o(x$fpl$fflt)
    __aeabi_ui2f                             0x0000b201   Thumb Code     0  fflt_clz.o(x$fpl$ffltu)
    _ffltu                                   0x0000b201   Thumb Code    38  fflt_clz.o(x$fpl$ffltu)
    __aeabi_fmul                             0x0000b229   Thumb Code     0  fmul.o(x$fpl$fmul)
    _fmul                                    0x0000b229   Thumb Code   258  fmul.o(x$fpl$fmul)
    __fpl_fnaninf                            0x0000b32b   Thumb Code   140  fnaninf.o(x$fpl$fnaninf)
    __fpl_fretinf                            0x0000b3b7   Thumb Code    10  fretinf.o(x$fpl$fretinf)
    __aeabi_fsub                             0x0000b3c1   Thumb Code     0  faddsub_clz.o(x$fpl$fsub)
    _fsub                                    0x0000b3c1   Thumb Code   234  faddsub_clz.o(x$fpl$fsub)
    __I$use$fp                               0x0000b4aa   Number         0  usenofp.o(x$fpl$usenofp)
    F6x8                                     0x0000b4c0   Data         552  oled.o(.constdata)
    F14x16_Idx                               0x0000b6e8   Data          41  oled.o(.constdata)
    F14x16                                   0x0000b711   Data         560  oled.o(.constdata)
    F8X16                                    0x0000b941   Data        1520  oled.o(.constdata)
    SPI_InstanceTable                        0x0000c170   Data          12  spi.o(.constdata)
    OSUnMapTbl                               0x0000c24c   Data         256  os_core.o(.constdata)
    Region$$Table$$Base                      0x0000c360   Number         0  anon$$obj.o(Region$$Table)
    Region$$Table$$Limit                     0x0000c390   Number         0  anon$$obj.o(Region$$Table)
    SystemCoreClock                          0x1fff0000   Data           4  system_mk60d10.o(.data)
    msg_key                                  0x1fff0004   Data           4  app.o(.data)
    LEFT                                     0x1fff0008   Data           4  app.o(.data)
    RIGHT                                    0x1fff000c   Data           4  app.o(.data)
    ENCODE                                   0x1fff0010   Data           4  app.o(.data)
    adc_min                                  0x1fff0018   Data          16  ui.o(.data)
    FLAG_RUN                                 0x1fff0028   Data           1  ui.o(.data)
    FunctionPointer                          0x1fff002c   Data          44  ui.o(.data)
    last_result                              0x1fff005c   Data           4  ctrl.o(.data)
    __stdout                                 0x1fff006c   Data           4  uart.o(.data)
    __stdin                                  0x1fff0070   Data           4  uart.o(.data)
    OSCtxSwCtr                               0x1fff0124   Data           4  os_core.o(.data)
    OSEventFreeList                          0x1fff0128   Data           4  os_core.o(.data)
    OSFlagFreeList                           0x1fff012c   Data           4  os_core.o(.data)
    OSCPUUsage                               0x1fff0130   Data           1  os_core.o(.data)
    OSIdleCtrMax                             0x1fff0134   Data           4  os_core.o(.data)
    OSIdleCtrRun                             0x1fff0138   Data           4  os_core.o(.data)
    OSStatRdy                                0x1fff013c   Data           1  os_core.o(.data)
    OSIntNesting                             0x1fff013d   Data           1  os_core.o(.data)
    OSLockNesting                            0x1fff013e   Data           1  os_core.o(.data)
    OSPrioCur                                0x1fff013f   Data           1  os_core.o(.data)
    OSPrioHighRdy                            0x1fff0140   Data           1  os_core.o(.data)
    OSRdyGrp                                 0x1fff0141   Data           1  os_core.o(.data)
    OSRdyTbl                                 0x1fff0142   Data           8  os_core.o(.data)
    OSRunning                                0x1fff014a   Data           1  os_core.o(.data)
    OSTaskCtr                                0x1fff014b   Data           1  os_core.o(.data)
    OSIdleCtr                                0x1fff014c   Data           4  os_core.o(.data)
    OSTCBCur                                 0x1fff0150   Data           4  os_core.o(.data)
    OSTCBFreeList                            0x1fff0154   Data           4  os_core.o(.data)
    OSTCBHighRdy                             0x1fff0158   Data           4  os_core.o(.data)
    OSTCBList                                0x1fff015c   Data           4  os_core.o(.data)
    OSTickStepState                          0x1fff0160   Data           1  os_core.o(.data)
    OSMemFreeList                            0x1fff0164   Data           4  os_core.o(.data)
    OSQFreeList                              0x1fff0168   Data           4  os_core.o(.data)
    OSTime                                   0x1fff016c   Data           4  os_core.o(.data)
    OSTmrFree                                0x1fff0170   Data           2  os_core.o(.data)
    OSTmrUsed                                0x1fff0172   Data           2  os_core.o(.data)
    OSTmrTime                                0x1fff0174   Data           4  os_core.o(.data)
    OSTmrSem                                 0x1fff0178   Data           4  os_core.o(.data)
    OSTmrSemSignal                           0x1fff017c   Data           4  os_core.o(.data)
    OSTmrFreeList                            0x1fff0180   Data           4  os_core.o(.data)
    OS_CPU_ExceptStkBase                     0x1fff0184   Data           4  os_cpu_c.o(.data)
    stree_vim_pid                            0x1fff018c   Data          40  flashui.o(.bss)
    stree_pid                                0x1fff01b4   Data          40  flashui.o(.bss)
    speedPid                                 0x1fff01dc   Data          40  flashui.o(.bss)
    OSEventTbl                               0x1fff1110   Data         240  os_core.o(.bss)
    OSFlagTbl                                0x1fff1200   Data          80  os_core.o(.bss)
    OSTaskStatStk                            0x1fff1250   Data         512  os_core.o(.bss)
    OSTaskIdleStk                            0x1fff1450   Data         512  os_core.o(.bss)
    OSTCBPrioTbl                             0x1fff1650   Data         256  os_core.o(.bss)
    OSTCBTbl                                 0x1fff1750   Data        1936  os_core.o(.bss)
    OSMemTbl                                 0x1fff1ee0   Data         120  os_core.o(.bss)
    OSQTbl                                   0x1fff1f58   Data          96  os_core.o(.bss)
    OSTmrTbl                                 0x1fff1fb8   Data         640  os_core.o(.bss)
    OSTmrTaskStk                             0x1fff2238   Data         512  os_core.o(.bss)
    OSTmrWheelTbl                            0x1fff2438   Data          64  os_core.o(.bss)
    OS_CPU_ExceptStk                         0x1fff2478   Data         512  os_cpu_c.o(.bss)
    __libspace_start                         0x1fff2678   Data          96  libspace.o(.bss)
    __temporary_stack_top$libspace           0x1fff26d8   Data           0  libspace.o(.bss)
    APP_START_STK                            0x20000000   Data         512  app.o(.bss)
    APP_LED1_STK                             0x20000200   Data         512  app.o(.bss)
    APP_LED0_STK                             0x20000400   Data         512  app.o(.bss)
    KEY_TASK_STK                             0x20000600   Data         512  app.o(.bss)
    OLED_TASK_STK                            0x20000800   Data        8192  app.o(.bss)
    DMA_TASK_STK                             0x20002800   Data        2048  app.o(.bss)
    SPEED_TASK_STK                           0x20003000   Data        2048  app.o(.bss)
    CTRL_TASK_STK                            0x20003800   Data        2048  app.o(.bss)



==============================================================================

Memory Map of the image

  Image Entry point : 0x00000411

  Load Region LR_IROM1 (Base: 0x00000000, Size: 0x0000c51c, Max: 0x00080000, ABSOLUTE, COMPRESSED[0x0000c3fc])

    Execution Region ER_IROM1 (Base: 0x00000000, Size: 0x0000c390, Max: 0x00080000, ABSOLUTE)

    Base Addr    Size         Type   Attr      Idx    E Section Name        Object

    0x00000000   0x00000400   Data   RO           51    RESET               startup_mk60d10.o
    0x00000400   0x00000010   Code   RO           52    .ARM.__at_0x400     startup_mk60d10.o
    0x00000410   0x00000008   Code   RO         1024  * !!!main             c_w.l(__main.o)
    0x00000418   0x00000034   Code   RO         1240    !!!scatter          c_w.l(__scatter.o)
    0x0000044c   0x0000005a   Code   RO         1238    !!dczerorl2         c_w.l(__dczerorl2.o)
    0x000004a6   0x00000002   PAD
    0x000004a8   0x0000001c   Code   RO         1242    !!handler_zi        c_w.l(__scatter_zi.o)
    0x000004c4   0x00000000   Code   RO         1015    .ARM.Collect$$_printf_percent$$00000000  c_w.l(_printf_percent.o)
    0x000004c4   0x00000006   Code   RO         1014    .ARM.Collect$$_printf_percent$$00000009  c_w.l(_printf_d.o)
    0x000004ca   0x00000004   Code   RO         1071    .ARM.Collect$$_printf_percent$$00000017  c_w.l(_printf_percent_end.o)
    0x000004ce   0x00000002   Code   RO         1111    .ARM.Collect$$libinit$$00000000  c_w.l(libinit.o)
    0x000004d0   0x00000000   Code   RO         1118    .ARM.Collect$$libinit$$00000002  c_w.l(libinit2.o)
    0x000004d0   0x00000000   Code   RO         1121    .ARM.Collect$$libinit$$00000008  c_w.l(libinit2.o)
    0x000004d0   0x00000000   Code   RO         1123    .ARM.Collect$$libinit$$0000000A  c_w.l(libinit2.o)
    0x000004d0   0x00000000   Code   RO         1125    .ARM.Collect$$libinit$$0000000C  c_w.l(libinit2.o)
    0x000004d0   0x00000000   Code   RO         1128    .ARM.Collect$$libinit$$0000000F  c_w.l(libinit2.o)
    0x000004d0   0x00000000   Code   RO         1130    .ARM.Collect$$libinit$$00000011  c_w.l(libinit2.o)
    0x000004d0   0x00000000   Code   RO         1132    .ARM.Collect$$libinit$$00000013  c_w.l(libinit2.o)
    0x000004d0   0x00000000   Code   RO         1134    .ARM.Collect$$libinit$$00000015  c_w.l(libinit2.o)
    0x000004d0   0x00000000   Code   RO         1136    .ARM.Collect$$libinit$$00000017  c_w.l(libinit2.o)
    0x000004d0   0x00000000   Code   RO         1138    .ARM.Collect$$libinit$$00000019  c_w.l(libinit2.o)
    0x000004d0   0x00000000   Code   RO         1140    .ARM.Collect$$libinit$$0000001B  c_w.l(libinit2.o)
    0x000004d0   0x00000000   Code   RO         1142    .ARM.Collect$$libinit$$0000001D  c_w.l(libinit2.o)
    0x000004d0   0x00000000   Code   RO         1144    .ARM.Collect$$libinit$$0000001F  c_w.l(libinit2.o)
    0x000004d0   0x00000000   Code   RO         1146    .ARM.Collect$$libinit$$00000021  c_w.l(libinit2.o)
    0x000004d0   0x00000000   Code   RO         1148    .ARM.Collect$$libinit$$00000023  c_w.l(libinit2.o)
    0x000004d0   0x00000000   Code   RO         1152    .ARM.Collect$$libinit$$0000002A  c_w.l(libinit2.o)
    0x000004d0   0x00000000   Code   RO         1154    .ARM.Collect$$libinit$$0000002C  c_w.l(libinit2.o)
    0x000004d0   0x00000000   Code   RO         1156    .ARM.Collect$$libinit$$0000002E  c_w.l(libinit2.o)
    0x000004d0   0x00000000   Code   RO         1158    .ARM.Collect$$libinit$$00000030  c_w.l(libinit2.o)
    0x000004d0   0x00000002   Code   RO         1159    .ARM.Collect$$libinit$$00000031  c_w.l(libinit2.o)
    0x000004d2   0x00000002   Code   RO         1179    .ARM.Collect$$libshutdown$$00000000  c_w.l(libshutdown.o)
    0x000004d4   0x00000000   Code   RO         1193    .ARM.Collect$$libshutdown$$00000003  c_w.l(libshutdown2.o)
    0x000004d4   0x00000000   Code   RO         1196    .ARM.Collect$$libshutdown$$00000006  c_w.l(libshutdown2.o)
    0x000004d4   0x00000000   Code   RO         1199    .ARM.Collect$$libshutdown$$00000009  c_w.l(libshutdown2.o)
    0x000004d4   0x00000000   Code   RO         1201    .ARM.Collect$$libshutdown$$0000000B  c_w.l(libshutdown2.o)
    0x000004d4   0x00000000   Code   RO         1204    .ARM.Collect$$libshutdown$$0000000E  c_w.l(libshutdown2.o)
    0x000004d4   0x00000002   Code   RO         1205    .ARM.Collect$$libshutdown$$0000000F  c_w.l(libshutdown2.o)
    0x000004d6   0x00000000   Code   RO         1064    .ARM.Collect$$rtentry$$00000000  c_w.l(rtentry.o)
    0x000004d6   0x00000000   Code   RO         1084    .ARM.Collect$$rtentry$$00000002  c_w.l(rtentry2.o)
    0x000004d6   0x00000006   Code   RO         1096    .ARM.Collect$$rtentry$$00000004  c_w.l(rtentry4.o)
    0x000004dc   0x00000000   Code   RO         1086    .ARM.Collect$$rtentry$$00000009  c_w.l(rtentry2.o)
    0x000004dc   0x00000004   Code   RO         1087    .ARM.Collect$$rtentry$$0000000A  c_w.l(rtentry2.o)
    0x000004e0   0x00000000   Code   RO         1089    .ARM.Collect$$rtentry$$0000000C  c_w.l(rtentry2.o)
    0x000004e0   0x00000008   Code   RO         1090    .ARM.Collect$$rtentry$$0000000D  c_w.l(rtentry2.o)
    0x000004e8   0x00000002   Code   RO         1115    .ARM.Collect$$rtexit$$00000000  c_w.l(rtexit.o)
    0x000004ea   0x00000000   Code   RO         1161    .ARM.Collect$$rtexit$$00000002  c_w.l(rtexit2.o)
    0x000004ea   0x00000004   Code   RO         1162    .ARM.Collect$$rtexit$$00000003  c_w.l(rtexit2.o)
    0x000004ee   0x00000006   Code   RO         1163    .ARM.Collect$$rtexit$$00000004  c_w.l(rtexit2.o)
    0x000004f4   0x00000004   Code   RO          697    .revsh_text         enet.o
    0x000004f8   0x000001bc   Code   RO            3    .text               system_mk60d10.o
    0x000006b4   0x00000040   Code   RO           53    .text               startup_mk60d10.o
    0x000006f4   0x00000028   Code   RO           61    .text               main.o
    0x0000071c   0x000003d0   Code   RO          161    .text               app.o
    0x00000aec   0x000006ac   Code   RO          202    .text               oled.o
    0x00001198   0x0000005c   Code   RO          225    .text               key.o
    0x000011f4   0x00001000   Code   RO          245    .text               ui.o
    0x000021f4   0x0000025c   Code   RO          277    .text               flashui.o
    0x00002450   0x000002c8   Code   RO          301    .text               ctrl.o
    0x00002718   0x0000059c   Code   RO          332    .text               gpio.o
    0x00002cb4   0x00000960   Code   RO          359    .text               uart.o
    0x00003614   0x00000160   Code   RO          393    .text               wdog.o
    0x00003774   0x000001a0   Code   RO          418    .text               pit.o
    0x00003914   0x0000060c   Code   RO          472    .text               adc.o
    0x00003f20   0x00000ea8   Code   RO          498    .text               ftm.o
    0x00004dc8   0x00000548   Code   RO          550    .text               spi.o
    0x00005310   0x0000023c   Code   RO          577    .text               lptmr.o
    0x0000554c   0x00000472   Code   RO          603    .text               dma.o
    0x000059be   0x00000002   PAD
    0x000059c0   0x0000013c   Code   RO          650    .text               systick.o
    0x00005afc   0x00000400   Code   RO          672    .text               rtc.o
    0x00005efc   0x000005a8   Code   RO          698    .text               enet.o
    0x000064a4   0x0000026c   Code   RO          724    .text               tsi.o
    0x00006710   0x00000168   Code   RO          749    .text               common.o
    0x00006878   0x00000268   Code   RO          795    .text               flash.o
    0x00006ae0   0x00000d68   Code   RO          815    .text               os_core.o
    0x00007848   0x00000864   Code   RO          835    .text               os_flag.o
    0x000080ac   0x0000042c   Code   RO          851    .text               os_mbox.o
    0x000084d8   0x00000258   Code   RO          863    .text               os_mem.o
    0x00008730   0x00000654   Code   RO          887    .text               os_q.o
    0x00008d84   0x000003e0   Code   RO          899    .text               os_sem.o
    0x00009164   0x00000908   Code   RO          911    .text               os_task.o
    0x00009a6c   0x000001d4   Code   RO          923    .text               os_time.o
    0x00009c40   0x000006f0   Code   RO          935    .text               os_tmr.o
    0x0000a330   0x000000b0   Code   RO          947    .text               os_cpu_a_keil.o
    0x0000a3e0   0x00000108   Code   RO          950    .text               os_cpu_c.o
    0x0000a4e8   0x00000028   Code   RO          986    .text               c_w.l(noretval__2sprintf.o)
    0x0000a510   0x0000004e   Code   RO          990    .text               c_w.l(_printf_pad.o)
    0x0000a55e   0x00000002   PAD
    0x0000a560   0x00000074   Code   RO          992    .text               c_w.l(_printf_dec.o)
    0x0000a5d4   0x0000010e   Code   RO         1002    .text               c_w.l(__printf_wp.o)
    0x0000a6e2   0x0000008a   Code   RO         1016    .text               c_w.l(rt_memcpy_v6.o)
    0x0000a76c   0x00000064   Code   RO         1018    .text               c_w.l(rt_memcpy_w.o)
    0x0000a7d0   0x0000004e   Code   RO         1020    .text               c_w.l(rt_memclr_w.o)
    0x0000a81e   0x00000006   Code   RO         1022    .text               c_w.l(heapauxi.o)
    0x0000a824   0x000000b2   Code   RO         1065    .text               c_w.l(_printf_intcommon.o)
    0x0000a8d6   0x00000002   PAD
    0x0000a8d8   0x00000030   Code   RO         1067    .text               c_w.l(_printf_char_common.o)
    0x0000a908   0x0000000a   Code   RO         1069    .text               c_w.l(_sputc.o)
    0x0000a912   0x0000004a   Code   RO         1102    .text               c_w.l(sys_stackheap_outer.o)
    0x0000a95c   0x0000000c   Code   RO         1104    .text               c_w.l(exit.o)
    0x0000a968   0x00000008   Code   RO         1112    .text               c_w.l(libspace.o)
    0x0000a970   0x0000000c   Code   RO         1171    .text               c_w.l(sys_exit.o)
    0x0000a97c   0x00000002   Code   RO         1182    .text               c_w.l(use_no_semi.o)
    0x0000a97e   0x00000000   Code   RO         1184    .text               c_w.l(indicate_semi.o)
    0x0000a97e   0x0000000e   Code   RO         1004    i._is_digit         c_w.l(__printf_wp.o)
    0x0000a98c   0x00000062   Code   RO         1026    x$fpl$d2f           fz_ws.l(d2f.o)
    0x0000a9ee   0x00000002   PAD
    0x0000a9f0   0x00000150   Code   RO         1028    x$fpl$dadd          fz_ws.l(daddsub_clz.o)
    0x0000ab40   0x00000018   Code   RO         1100    x$fpl$dcmpinf       fz_ws.l(dcmpi.o)
    0x0000ab58   0x00000078   Code   RO         1072    x$fpl$dleqf         fz_ws.l(dleqf.o)
    0x0000abd0   0x0000009c   Code   RO         1074    x$fpl$dnaninf       fz_ws.l(dnaninf.o)
    0x0000ac6c   0x0000000c   Code   RO         1076    x$fpl$dretinf       fz_ws.l(dretinf.o)
    0x0000ac78   0x0000006c   Code   RO         1034    x$fpl$drleqf        fz_ws.l(drleqf.o)
    0x0000ace4   0x000001d4   Code   RO         1030    x$fpl$dsub          fz_ws.l(daddsub_clz.o)
    0x0000aeb8   0x00000056   Code   RO         1036    x$fpl$f2d           fz_ws.l(f2d.o)
    0x0000af0e   0x00000002   PAD
    0x0000af10   0x000000c4   Code   RO         1038    x$fpl$fadd          fz_ws.l(faddsub_clz.o)
    0x0000afd4   0x00000184   Code   RO         1045    x$fpl$fdiv          fz_ws.l(fdiv.o)
    0x0000b158   0x00000036   Code   RO         1048    x$fpl$ffix          fz_ws.l(ffix.o)
    0x0000b18e   0x00000002   PAD
    0x0000b190   0x0000003e   Code   RO         1052    x$fpl$ffixu         fz_ws.l(ffixu.o)
    0x0000b1ce   0x00000002   PAD
    0x0000b1d0   0x00000030   Code   RO         1057    x$fpl$fflt          fz_ws.l(fflt_clz.o)
    0x0000b200   0x00000026   Code   RO         1056    x$fpl$ffltu         fz_ws.l(fflt_clz.o)
    0x0000b226   0x00000002   PAD
    0x0000b228   0x00000102   Code   RO         1062    x$fpl$fmul          fz_ws.l(fmul.o)
    0x0000b32a   0x0000008c   Code   RO         1078    x$fpl$fnaninf       fz_ws.l(fnaninf.o)
    0x0000b3b6   0x0000000a   Code   RO         1080    x$fpl$fretinf       fz_ws.l(fretinf.o)
    0x0000b3c0   0x000000ea   Code   RO         1040    x$fpl$fsub          fz_ws.l(faddsub_clz.o)
    0x0000b4aa   0x00000000   Code   RO         1082    x$fpl$usenofp       fz_ws.l(usenofp.o)
    0x0000b4aa   0x00000002   PAD
    0x0000b4ac   0x00000014   Data   RO          163    .constdata          app.o
    0x0000b4c0   0x00000a71   Data   RO          203    .constdata          oled.o
    0x0000bf31   0x00000003   PAD
    0x0000bf34   0x0000010a   Data   RO          247    .constdata          ui.o
    0x0000c03e   0x00000002   PAD
    0x0000c040   0x00000041   Data   RO          334    .constdata          gpio.o
    0x0000c081   0x00000003   PAD
    0x0000c084   0x00000084   Data   RO          361    .constdata          uart.o
    0x0000c108   0x00000004   Data   RO          420    .constdata          pit.o
    0x0000c10c   0x00000022   Data   RO          473    .constdata          adc.o
    0x0000c12e   0x00000002   PAD
    0x0000c130   0x0000003f   Data   RO          500    .constdata          ftm.o
    0x0000c16f   0x00000001   PAD
    0x0000c170   0x00000084   Data   RO          552    .constdata          spi.o
    0x0000c1f4   0x00000010   Data   RO          578    .constdata          lptmr.o
    0x0000c204   0x00000014   Data   RO          605    .constdata          dma.o
    0x0000c218   0x00000034   Data   RO          673    .constdata          rtc.o
    0x0000c24c   0x00000100   Data   RO          817    .constdata          os_core.o
    0x0000c34c   0x00000011   Data   RO          362    .conststring        uart.o
    0x0000c35d   0x00000003   PAD
    0x0000c360   0x00000030   Data   RO         1236    Region$$Table       anon$$obj.o


    Execution Region RW_IRAM2 (Base: 0x1fff0000, Size: 0x00003ad8, Max: 0x00010000, ABSOLUTE, COMPRESSED[0x0000006c])

    Base Addr    Size         Type   Attr      Idx    E Section Name        Object

    0x1fff0000   0x00000004   Data   RW            4    .data               system_mk60d10.o
    0x1fff0004   0x00000012   Data   RW          164    .data               app.o
    0x1fff0016   0x00000002   PAD
    0x1fff0018   0x00000043   Data   RW          248    .data               ui.o
    0x1fff005b   0x00000001   PAD
    0x1fff005c   0x0000000c   Data   RW          302    .data               ctrl.o
    0x1fff0068   0x00000011   Data   RW          363    .data               uart.o
    0x1fff0079   0x00000003   PAD
    0x1fff007c   0x00000004   Data   RW          394    .data               wdog.o
    0x1fff0080   0x00000004   Data   RW          421    .data               pit.o
    0x1fff0084   0x00000008   Data   RW          474    .data               adc.o
    0x1fff008c   0x00000004   Data   RW          579    .data               lptmr.o
    0x1fff0090   0x00000004   Data   RW          606    .data               dma.o
    0x1fff0094   0x00000008   Data   RW          651    .data               systick.o
    0x1fff009c   0x00000034   Data   RW          674    .data               rtc.o
    0x1fff00d0   0x00000010   Data   RW          700    .data               enet.o
    0x1fff00e0   0x00000044   Data   RW          725    .data               tsi.o
    0x1fff0124   0x00000060   Data   RW          818    .data               os_core.o
    0x1fff0184   0x00000006   Data   RW          952    .data               os_cpu_c.o
    0x1fff018a   0x00000002   PAD
    0x1fff018c   0x00000078   Zero   RW          278    .bss                flashui.o
    0x1fff0204   0x00000014   Zero   RW          333    .bss                gpio.o
    0x1fff0218   0x00000030   Zero   RW          360    .bss                uart.o
    0x1fff0248   0x00000010   Zero   RW          419    .bss                pit.o
    0x1fff0258   0x0000000c   Zero   RW          499    .bss                ftm.o
    0x1fff0264   0x0000000c   Zero   RW          551    .bss                spi.o
    0x1fff0270   0x00000040   Zero   RW          604    .bss                dma.o
    0x1fff02b0   0x0000065e   Zero   RW          699    .bss                enet.o
    0x1fff090e   0x00000800   Zero   RW          796    .bss                flash.o
    0x1fff110e   0x00000002   PAD
    0x1fff1110   0x00001368   Zero   RW          816    .bss                os_core.o
    0x1fff2478   0x00000200   Zero   RW          951    .bss                os_cpu_c.o
    0x1fff2678   0x00000060   Zero   RW         1113    .bss                c_w.l(libspace.o)
    0x1fff26d8   0x00000400   Zero   RW           50    HEAP                startup_mk60d10.o
    0x1fff2ad8   0x00001000   Zero   RW           49    STACK               startup_mk60d10.o


    Execution Region RW_IRAM1 (Base: 0x20000000, Size: 0x00004000, Max: 0x00010000, ABSOLUTE)

    Base Addr    Size         Type   Attr      Idx    E Section Name        Object

    0x20000000   0x00004000   Zero   RW          162    .bss                app.o


==============================================================================

Image component sizes


      Code (inc. data)   RO Data    RW Data    ZI Data      Debug   Object Name

      1548         36         34          8          0       7335   adc.o
       976         68         20         18      16384       3427   app.o
       360         26          0          0          0       3408   common.o
       712         42          0         12          0       1982   ctrl.o
      1138         30         20          4         64       6678   dma.o
      1452         72          0         16       1630       7425   enet.o
       616         14          0          0       2048       4126   flash.o
       604         22          0          0        120       1818   flashui.o
      3752         68         63          0         12       6602   ftm.o
      1436         62         65          0         20      28130   gpio.o
        92          6          0          0          0        625   key.o
       572         18         16          4          0       3636   lptmr.o
        40         10          0          0          0      23152   main.o
      1708         28       2673          0          0       5881   oled.o
      3432        294        256         96       4968      19071   os_core.o
       176         36          0          0          0        352   os_cpu_a_keil.o
       264         20          0          6        512      11957   os_cpu_c.o
      2148         44          0          0          0      15615   os_flag.o
      1068         20          0          0          0       4290   os_mbox.o
       600         16          0          0          0       3364   os_mem.o
      1620         34          0          0          0       5797   os_q.o
       992         22          0          0          0       4014   os_sem.o
      2312         76          0          0          0       8089   os_task.o
       468         28          0          0          0       1842   os_time.o
      1776        136          0          0          0       5689   os_tmr.o
       416         30          4          4         16       3482   pit.o
      1024         34         52         52          0       5466   rtc.o
      1352         44        132          0         12       6588   spi.o
        80         42       1024          0       5120       1056   startup_mk60d10.o
       444         36          0          4          0     240661   system_mk60d10.o
       316         14          0          8          0       1849   systick.o
       620         22          0         68          0       4764   tsi.o
      2400         70        149         17         48      30777   uart.o
      4096        648        266         67          0       5314   ui.o
       352         14          0          4          0       3301   wdog.o

    ----------------------------------------------------------------------
     40964       2182       4836        396      30956     487563   Object Totals
         0          0         48          0          0          0   (incl. Generated)
         2          0         14          8          2          0   (incl. Padding)

    ----------------------------------------------------------------------

      Code (inc. data)   RO Data    RW Data    ZI Data      Debug   Library Member Name

        90          0          0          0          0          0   __dczerorl2.o
         8          0          0          0          0         68   __main.o
       284          0          0          0          0        156   __printf_wp.o
        52          8          0          0          0          0   __scatter.o
        28          0          0          0          0          0   __scatter_zi.o
        48          6          0          0          0         96   _printf_char_common.o
         6          0          0          0          0          0   _printf_d.o
       116         16          0          0          0         92   _printf_dec.o
       178          0          0          0          0         88   _printf_intcommon.o
        78          0          0          0          0        108   _printf_pad.o
         0          0          0          0          0          0   _printf_percent.o
         4          0          0          0          0          0   _printf_percent_end.o
        10          0          0          0          0         68   _sputc.o
        12          0          0          0          0         72   exit.o
         6          0          0          0          0        152   heapauxi.o
         0          0          0          0          0          0   indicate_semi.o
         2          0          0          0          0          0   libinit.o
         2          0          0          0          0          0   libinit2.o
         2          0          0          0          0          0   libshutdown.o
         2          0          0          0          0          0   libshutdown2.o
         8          4          0          0         96         68   libspace.o
        40          6          0          0          0         84   noretval__2sprintf.o
        78          0          0          0          0         80   rt_memclr_w.o
       138          0          0          0          0         68   rt_memcpy_v6.o
       100          0          0          0          0         80   rt_memcpy_w.o
         0          0          0          0          0          0   rtentry.o
        12          0          0          0          0          0   rtentry2.o
         6          0          0          0          0          0   rtentry4.o
         2          0          0          0          0          0   rtexit.o
        10          0          0          0          0          0   rtexit2.o
        12          4          0          0          0         68   sys_exit.o
        74          0          0          0          0         80   sys_stackheap_outer.o
         2          0          0          0          0         68   use_no_semi.o
        98          4          0          0          0         92   d2f.o
       804         16          0          0          0        272   daddsub_clz.o
        24          0          0          0          0         68   dcmpi.o
       120          4          0          0          0         92   dleqf.o
       156          4          0          0          0         92   dnaninf.o
        12          0          0          0          0         68   dretinf.o
       108          0          0          0          0         80   drleqf.o
        86          4          0          0          0         84   f2d.o
       430          8          0          0          0        168   faddsub_clz.o
       388         76          0          0          0         96   fdiv.o
        54          4          0          0          0         84   ffix.o
        62          4          0          0          0         84   ffixu.o
        86          0          0          0          0        136   fflt_clz.o
       258          4          0          0          0         84   fmul.o
       140          4          0          0          0         84   fnaninf.o
        10          0          0          0          0         68   fretinf.o
         0          0          0          0          0          0   usenofp.o

    ----------------------------------------------------------------------
      4264        176          0          0         96       3148   Library Totals
        18          0          0          0          0          0   (incl. Padding)

    ----------------------------------------------------------------------

      Code (inc. data)   RO Data    RW Data    ZI Data      Debug   Library Name

      1410         44          0          0         96       1496   c_w.l
      2836        132          0          0          0       1652   fz_ws.l

    ----------------------------------------------------------------------
      4264        176          0          0         96       3148   Library Totals

    ----------------------------------------------------------------------

==============================================================================


      Code (inc. data)   RO Data    RW Data    ZI Data      Debug   

     45228       2358       4836        396      31052     485715   Grand Totals
     45228       2358       4836        108      31052     485715   ELF Image Totals (compressed)
     45228       2358       4836        108          0          0   ROM Totals

==============================================================================

    Total RO  Size (Code + RO Data)                50064 (  48.89kB)
    Total RW  Size (RW Data + ZI Data)             31448 (  30.71kB)
    Total ROM Size (Code + RO Data + RW Data)      50172 (  49.00kB)

==============================================================================

